Component: ARM Compiler 5.06 update 7 (build 960) Tool: armlink [4d3601]

==============================================================================

Section Cross References

    startup_stm32f103xb.o(STACK) refers (Special) to heapauxi.o(.text) for __use_two_region_memory
    startup_stm32f103xb.o(HEAP) refers (Special) to heapauxi.o(.text) for __use_two_region_memory
    startup_stm32f103xb.o(RESET) refers (Special) to heapauxi.o(.text) for __use_two_region_memory
    startup_stm32f103xb.o(RESET) refers to startup_stm32f103xb.o(STACK) for __initial_sp
    startup_stm32f103xb.o(RESET) refers to startup_stm32f103xb.o(.text) for Reset_Handler
    startup_stm32f103xb.o(RESET) refers to stm32f1xx_it.o(i.NMI_Handler) for NMI_Handler
    startup_stm32f103xb.o(RESET) refers to stm32f1xx_it.o(i.HardFault_Handler) for HardFault_Handler
    startup_stm32f103xb.o(RESET) refers to stm32f1xx_it.o(i.MemManage_Handler) for MemManage_Handler
    startup_stm32f103xb.o(RESET) refers to stm32f1xx_it.o(i.BusFault_Handler) for BusFault_Handler
    startup_stm32f103xb.o(RESET) refers to stm32f1xx_it.o(i.UsageFault_Handler) for UsageFault_Handler
    startup_stm32f103xb.o(RESET) refers to port.o(.emb_text) for SVC_Handler
    startup_stm32f103xb.o(RESET) refers to stm32f1xx_it.o(i.DebugMon_Handler) for DebugMon_Handler
    startup_stm32f103xb.o(RESET) refers to cmsis_os2.o(i.SysTick_Handler) for SysTick_Handler
    startup_stm32f103xb.o(RESET) refers to stm32f1xx_it.o(i.EXTI0_IRQHandler) for EXTI0_IRQHandler
    startup_stm32f103xb.o(RESET) refers to stm32f1xx_it.o(i.DMA1_Channel4_IRQHandler) for DMA1_Channel4_IRQHandler
    startup_stm32f103xb.o(RESET) refers to stm32f1xx_it.o(i.DMA1_Channel5_IRQHandler) for DMA1_Channel5_IRQHandler
    startup_stm32f103xb.o(RESET) refers to stm32f1xx_it.o(i.TIM2_IRQHandler) for TIM2_IRQHandler
    startup_stm32f103xb.o(RESET) refers to stm32f1xx_it.o(i.TIM3_IRQHandler) for TIM3_IRQHandler
    startup_stm32f103xb.o(RESET) refers to stm32f1xx_it.o(i.USART1_IRQHandler) for USART1_IRQHandler
    startup_stm32f103xb.o(.text) refers (Special) to heapauxi.o(.text) for __use_two_region_memory
    startup_stm32f103xb.o(.text) refers to system_stm32f1xx.o(i.SystemInit) for SystemInit
    startup_stm32f103xb.o(.text) refers to __main.o(!!!main) for __main
    startup_stm32f103xb.o(.text) refers to startup_stm32f103xb.o(HEAP) for Heap_Mem
    startup_stm32f103xb.o(.text) refers to startup_stm32f103xb.o(STACK) for Stack_Mem
    main.o(i.SystemClock_Config) refers to rt_memclr_w.o(.text) for __aeabi_memclr4
    main.o(i.SystemClock_Config) refers to stm32f1xx_hal_rcc.o(i.HAL_RCC_OscConfig) for HAL_RCC_OscConfig
    main.o(i.SystemClock_Config) refers to stm32f1xx_hal_rcc.o(i.HAL_RCC_ClockConfig) for HAL_RCC_ClockConfig
    main.o(i.main) refers to stm32f1xx_hal.o(i.HAL_Init) for HAL_Init
    main.o(i.main) refers to main.o(i.SystemClock_Config) for SystemClock_Config
    main.o(i.main) refers to gpio.o(i.MX_GPIO_Init) for MX_GPIO_Init
    main.o(i.main) refers to dma.o(i.MX_DMA_Init) for MX_DMA_Init
    main.o(i.main) refers to usart.o(i.MX_USART1_UART_Init) for MX_USART1_UART_Init
    main.o(i.main) refers to tim.o(i.MX_TIM3_Init) for MX_TIM3_Init
    main.o(i.main) refers to cmsis_os2.o(i.osKernelInitialize) for osKernelInitialize
    main.o(i.main) refers to freertos.o(i.MX_FREERTOS_Init) for MX_FREERTOS_Init
    main.o(i.main) refers to cmsis_os2.o(i.osKernelStart) for osKernelStart
    gpio.o(i.MX_GPIO_Init) refers to stm32f1xx_hal_gpio.o(i.HAL_GPIO_WritePin) for HAL_GPIO_WritePin
    gpio.o(i.MX_GPIO_Init) refers to stm32f1xx_hal_gpio.o(i.HAL_GPIO_Init) for HAL_GPIO_Init
    gpio.o(i.MX_GPIO_Init) refers to stm32f1xx_hal_cortex.o(i.HAL_NVIC_SetPriority) for HAL_NVIC_SetPriority
    gpio.o(i.MX_GPIO_Init) refers to stm32f1xx_hal_cortex.o(i.HAL_NVIC_EnableIRQ) for HAL_NVIC_EnableIRQ
    freertos.o(i.HAL_GPIO_EXTI_Callback) refers to event_groups.o(i.xEventGroupSetBitsFromISR) for xEventGroupSetBitsFromISR
    freertos.o(i.HAL_GPIO_EXTI_Callback) refers to usart.o(i.DEBUG_Print) for DEBUG_Print
    freertos.o(i.HAL_GPIO_EXTI_Callback) refers to freertos.o(.data) for .data
    freertos.o(i.HAL_TIM_PeriodElapsedCallback) refers to event_groups.o(i.xEventGroupSetBitsFromISR) for xEventGroupSetBitsFromISR
    freertos.o(i.HAL_TIM_PeriodElapsedCallback) refers to freertos.o(.data) for .data
    freertos.o(i.HAL_UART_RxCpltCallback) refers to event_groups.o(i.xEventGroupSetBitsFromISR) for xEventGroupSetBitsFromISR
    freertos.o(i.HAL_UART_RxCpltCallback) refers to freertos.o(.data) for .data
    freertos.o(i.IntLed_Task) refers to event_groups.o(i.xEventGroupWaitBits) for xEventGroupWaitBits
    freertos.o(i.IntLed_Task) refers to stm32f1xx_hal_gpio.o(i.HAL_GPIO_TogglePin) for HAL_GPIO_TogglePin
    freertos.o(i.IntLed_Task) refers to usart.o(i.DEBUG_Print) for DEBUG_Print
    freertos.o(i.IntLed_Task) refers to freertos.o(.data) for .data
[...]
    prvInitialiseNewQueue                    0x08002bf9   Thumb Code    34  queue.o(i.prvInitialiseNewQueue)
    i.prvInitialiseNewTask                   0x08002c1c   Section        0  tasks.o(i.prvInitialiseNewTask)
    prvInitialiseNewTask                     0x08002c1d   Thumb Code   176  tasks.o(i.prvInitialiseNewTask)
    i.prvInitialiseNewTimer                  0x08002ccc   Section        0  timers.o(i.prvInitialiseNewTimer)
    prvInitialiseNewTimer                    0x08002ccd   Thumb Code    78  timers.o(i.prvInitialiseNewTimer)
    i.prvInsertBlockIntoFreeList             0x08002d1c   Section        0  heap_4.o(i.prvInsertBlockIntoFreeList)
    prvInsertBlockIntoFreeList               0x08002d1d   Thumb Code    72  heap_4.o(i.prvInsertBlockIntoFreeList)
    i.prvInsertTimerInActiveList             0x08002d68   Section        0  timers.o(i.prvInsertTimerInActiveList)
    prvInsertTimerInActiveList               0x08002d69   Thumb Code    52  timers.o(i.prvInsertTimerInActiveList)
    i.prvIsQueueEmpty                        0x08002da0   Section        0  queue.o(i.prvIsQueueEmpty)
    prvIsQueueEmpty                          0x08002da1   Thumb Code    28  queue.o(i.prvIsQueueEmpty)
    i.prvProcessReceivedCommands             0x08002dbc   Section        0  timers.o(i.prvProcessReceivedCommands)
    prvProcessReceivedCommands               0x08002dbd   Thumb Code   248  timers.o(i.prvProcessReceivedCommands)
    i.prvProcessTimerOrBlockTask             0x08002eb8   Section        0  timers.o(i.prvProcessTimerOrBlockTask)
    prvProcessTimerOrBlockTask               0x08002eb9   Thumb Code   182  timers.o(i.prvProcessTimerOrBlockTask)
    i.prvResetNextTaskUnblockTime            0x08002f78   Section        0  tasks.o(i.prvResetNextTaskUnblockTime)
    prvResetNextTaskUnblockTime              0x08002f79   Thumb Code    26  tasks.o(i.prvResetNextTaskUnblockTime)
    i.prvSampleTimeNow                       0x08002f98   Section        0  timers.o(i.prvSampleTimeNow)
    prvSampleTimeNow                         0x08002f99   Thumb Code    36  timers.o(i.prvSampleTimeNow)
    i.prvSwitchTimerLists                    0x08002fc0   Section        0  timers.o(i.prvSwitchTimerLists)
    prvSwitchTimerLists                      0x08002fc1   Thumb Code   104  timers.o(i.prvSwitchTimerLists)
    i.prvTaskExitError                       0x0800302c   Section        0  port.o(i.prvTaskExitError)
    prvTaskExitError                         0x0800302d   Thumb Code    36  port.o(i.prvTaskExitError)
    i.prvTimerTask                           0x08003054   Section        0  timers.o(i.prvTimerTask)
    prvTimerTask                             0x08003055   Thumb Code    32  timers.o(i.prvTimerTask)
    i.prvUnlockQueue                         0x08003078   Section        0  queue.o(i.prvUnlockQueue)
    prvUnlockQueue                           0x08003079   Thumb Code   106  queue.o(i.prvUnlockQueue)
    i.pvPortMalloc                           0x080030e4   Section        0  heap_4.o(i.pvPortMalloc)
    i.pvTimerGetTimerID                      0x080031c0   Section        0  timers.o(i.pvTimerGetTimerID)
    i.pxPortInitialiseStack                  0x080031e4   Section        0  port.o(i.pxPortInitialiseStack)
    i.uxListRemove                           0x08003208   Section        0  list.o(i.uxListRemove)
    i.vApplicationGetIdleTaskMemory          0x08003230   Section        0  cmsis_os2.o(i.vApplicationGetIdleTaskMemory)
    i.vApplicationGetTimerTaskMemory         0x08003244   Section        0  cmsis_os2.o(i.vApplicationGetTimerTaskMemory)
    i.vEventGroupSetBitsCallback             0x0800325c   Section        0  event_groups.o(i.vEventGroupSetBitsCallback)
    i.vListInitialise                        0x08003260   Section        0  list.o(i.vListInitialise)
    i.vListInitialiseItem                    0x08003276   Section        0  list.o(i.vListInitialiseItem)
    i.vListInsert                            0x0800327c   Section        0  list.o(i.vListInsert)
    i.vListInsertEnd                         0x080032ac   Section        0  list.o(i.vListInsertEnd)
    i.vPortEnterCritical                     0x080032c4   Section        0  port.o(i.vPortEnterCritical)
    i.vPortExitCritical                      0x08003304   Section        0  port.o(i.vPortExitCritical)
    i.vPortFree                              0x0800332c   Section        0  heap_4.o(i.vPortFree)
    i.vPortSetupTimerInterrupt               0x08003390   Section        0  port.o(i.vPortSetupTimerInterrupt)
    i.vPortValidateInterruptPriority         0x080033b4   Section        0  port.o(i.vPortValidateInterruptPriority)
    i.vQueueAddToRegistry                    0x08003408   Section        0  queue.o(i.vQueueAddToRegistry)
    i.vQueueDelete                           0x08003430   Section        0  queue.o(i.vQueueDelete)
    i.vQueueUnregisterQueue                  0x08003460   Section        0  queue.o(i.vQueueUnregisterQueue)
    i.vQueueWaitForMessageRestricted         0x08003488   Section        0  queue.o(i.vQueueWaitForMessageRestricted)
    i.vTaskDelay                             0x080034cc   Section        0  tasks.o(i.vTaskDelay)
    i.vTaskInternalSetTimeOutState           0x08003518   Section        0  tasks.o(i.vTaskInternalSetTimeOutState)
    i.vTaskMissedYield                       0x08003528   Section        0  tasks.o(i.vTaskMissedYield)
    i.vTaskPlaceOnEventList                  0x08003534   Section        0  tasks.o(i.vTaskPlaceOnEventList)
    i.vTaskPlaceOnEventListRestricted        0x08003564   Section        0  tasks.o(i.vTaskPlaceOnEventListRestricted)
    i.vTaskRemoveFromUnorderedEventList      0x0800359c   Section        0  tasks.o(i.vTaskRemoveFromUnorderedEventList)
    i.vTaskStartScheduler                    0x0800360c   Section        0  tasks.o(i.vTaskStartScheduler)
    i.vTaskSuspendAll                        0x08003694   Section        0  tasks.o(i.vTaskSuspendAll)
    i.vTaskSwitchContext                     0x080036a4   Section        0  tasks.o(i.vTaskSwitchContext)
    i.xEventGroupCreate                      0x08003708   Section        0  event_groups.o(i.xEventGroupCreate)
    i.xEventGroupCreateStatic                0x08003724   Section        0  event_groups.o(i.xEventGroupCreateStatic)
    i.xEventGroupSetBits                     0x08003750   Section        0  event_groups.o(i.xEventGroupSetBits)
    i.xEventGroupSetBitsFromISR              0x080037dc   Section        0  event_groups.o(i.xEventGroupSetBitsFromISR)
    i.xPortStartScheduler                    0x080037ec   Section        0  port.o(i.xPortStartScheduler)
    i.xPortSysTickHandler                    0x08003894   Section        0  port.o(i.xPortSysTickHandler)
    i.xQueueCreateCountingSemaphore          0x080038c0   Section        0  queue.o(i.xQueueCreateCountingSemaphore)
    i.xQueueCreateCountingSemaphoreStatic    0x080038fa   Section        0  queue.o(i.xQueueCreateCountingSemaphoreStatic)
    i.xQueueCreateMutex                      0x0800393a   Section        0  queue.o(i.xQueueCreateMutex)
    i.xQueueCreateMutexStatic                0x08003950   Section        0  queue.o(i.xQueueCreateMutexStatic)
    i.xQueueGenericCreate                    0x0800396a   Section        0  queue.o(i.xQueueGenericCreate)
    i.xQueueGenericCreateStatic              0x080039ac   Section        0  queue.o(i.xQueueGenericCreateStatic)
    i.xQueueGenericReset                     0x08003a14   Section        0  queue.o(i.xQueueGenericReset)
    i.xQueueGenericSend                      0x08003a9c   Section        0  queue.o(i.xQueueGenericSend)
    i.xQueueGenericSendFromISR               0x08003bfc   Section        0  queue.o(i.xQueueGenericSendFromISR)
    i.xQueueReceive                          0x08003cbc   Section        0  queue.o(i.xQueueReceive)
    i.xTaskCheckForTimeOut                   0x08003df4   Section        0  tasks.o(i.xTaskCheckForTimeOut)
    i.xTaskCreate                            0x08003e68   Section        0  tasks.o(i.xTaskCreate)
    i.xTaskCreateStatic                      0x08003ec2   Section        0  tasks.o(i.xTaskCreateStatic)
    i.xTaskGetSchedulerState                 0x08003f18   Section        0  tasks.o(i.xTaskGetSchedulerState)
    i.xTaskGetTickCount                      0x08003f34   Section        0  tasks.o(i.xTaskGetTickCount)
    i.xTaskGetTickCountFromISR               0x08003f40   Section        0  tasks.o(i.xTaskGetTickCountFromISR)
    i.xTaskIncrementTick                     0x08003f50   Section        0  tasks.o(i.xTaskIncrementTick)
    i.xTaskPriorityDisinherit                0x08004018   Section        0  tasks.o(i.xTaskPriorityDisinherit)
    i.xTaskRemoveFromEventList               0x08004098   Section        0  tasks.o(i.xTaskRemoveFromEventList)
    i.xTaskResumeAll                         0x08004108   Section        0  tasks.o(i.xTaskResumeAll)
    i.xTimerCreate                           0x080041cc   Section        0  timers.o(i.xTimerCreate)
    i.xTimerCreateStatic                     0x08004200   Section        0  timers.o(i.xTimerCreateStatic)
    i.xTimerCreateTimerTask                  0x08004230   Section        0  timers.o(i.xTimerCreateTimerTask)
    i.xTimerGenericCommand                   0x08004290   Section        0  timers.o(i.xTimerGenericCommand)
    i.xTimerPendFunctionCallFromISR          0x080042f8   Section        0  timers.o(i.xTimerPendFunctionCallFromISR)
    .constdata                               0x08004320   Section      140  freertos.o(.constdata)
    .constdata                               0x080043ac   Section       16  usart.o(.constdata)
    .constdata                               0x080043bc   Section       18  stm32f1xx_hal_rcc.o(.constdata)
    aPredivFactorTable                       0x080043bc   Data           2  stm32f1xx_hal_rcc.o(.constdata)
    aPLLMULFactorTable                       0x080043be   Data          16  stm32f1xx_hal_rcc.o(.constdata)
    .constdata                               0x080043ce   Section       16  system_stm32f1xx.o(.constdata)
    .constdata                               0x080043de   Section        8  system_stm32f1xx.o(.constdata)
    .conststring                             0x080043e8   Section       85  freertos.o(.conststring)
    .conststring                             0x08004440   Section       10  usart.o(.conststring)
    .data                                    0x20000000   Section       48  freertos.o(.data)
    LED_Mode                                 0x20000000   Data           1  freertos.o(.data)
    LED_Brightness                           0x20000001   Data           1  freertos.o(.data)
    LED_BlinkCount                           0x20000002   Data           1  freertos.o(.data)
    LED_BrightnessUp                         0x20000003   Data           1  freertos.o(.data)
    brightness                               0x20000004   Data           1  freertos.o(.data)
    increasing                               0x20000005   Data           1  freertos.o(.data)
    memPoolMutexHandle                       0x20000020   Data           4  freertos.o(.data)
    .data                                    0x20000030   Section        4  usart.o(.data)
    UartMutexHandle                          0x20000030   Data           4  usart.o(.data)
    .data                                    0x20000034   Section       12  stm32f1xx_hal.o(.data)
    .data                                    0x20000040   Section        4  system_stm32f1xx.o(.data)
    .data                                    0x20000044   Section       60  tasks.o(.data)
    uxDeletedTasksWaitingCleanUp             0x20000048   Data           4  tasks.o(.data)
    uxCurrentNumberOfTasks                   0x2000004c   Data           4  tasks.o(.data)
    xTickCount                               0x20000050   Data           4  tasks.o(.data)
    uxTopReadyPriority                       0x20000054   Data           4  tasks.o(.data)
    xSchedulerRunning                        0x20000058   Data           4  tasks.o(.data)
    xPendedTicks                             0x2000005c   Data           4  tasks.o(.data)
    xYieldPending                            0x20000060   Data           4  tasks.o(.data)
    xNumOfOverflows                          0x20000064   Data           4  tasks.o(.data)
    uxTaskNumber                             0x20000068   Data           4  tasks.o(.data)
    xNextTaskUnblockTime                     0x2000006c   Data           4  tasks.o(.data)
    xIdleTaskHandle                          0x20000070   Data           4  tasks.o(.data)
    uxSchedulerSuspended                     0x20000074   Data           4  tasks.o(.data)
    pxDelayedTaskList                        0x20000078   Data           4  tasks.o(.data)
    pxOverflowDelayedTaskList                0x2000007c   Data           4  tasks.o(.data)
    .data                                    0x20000080   Section       20  timers.o(.data)
    xTimerQueue                              0x20000080   Data           4  timers.o(.data)
    xTimerTaskHandle                         0x20000084   Data           4  timers.o(.data)
    xLastTime                                0x20000088   Data           4  timers.o(.data)
    pxCurrentTimerList                       0x2000008c   Data           4  timers.o(.data)
    pxOverflowTimerList                      0x20000090   Data           4  timers.o(.data)
    .data                                    0x20000094   Section        4  cmsis_os2.o(.data)
    KernelState                              0x20000094   Data           4  cmsis_os2.o(.data)
    .data                                    0x20000098   Section       32  heap_4.o(.data)
    pxEnd                                    0x20000098   Data           4  heap_4.o(.data)
    xFreeBytesRemaining                      0x2000009c   Data           4  heap_4.o(.data)
    xMinimumEverFreeBytesRemaining           0x200000a0   Data           4  heap_4.o(.data)
    xNumberOfSuccessfulAllocations           0x200000a4   Data           4  heap_4.o(.data)
    xNumberOfSuccessfulFrees                 0x200000a8   Data           4  heap_4.o(.data)
    xBlockAllocatedBit                       0x200000ac   Data           4  heap_4.o(.data)
    xStart                                   0x200000b0   Data           8  heap_4.o(.data)
    .data                                    0x200000b8   Section       12  port.o(.data)
    ucMaxSysCallPriority                     0x200000b8   Data           1  port.o(.data)
    uxCriticalNesting                        0x200000bc   Data           4  port.o(.data)
    ulMaxPRIGROUPValue                       0x200000c0   Data           4  port.o(.data)
    .bss                                     0x200000c4   Section       72  tim.o(.bss)
    .bss                                     0x2000010c   Section      208  usart.o(.bss)
    .bss                                     0x200001dc   Section       72  stm32f1xx_hal_timebase_tim.o(.bss)
    .bss                                     0x20000224   Section       64  queue.o(.bss)
    .bss                                     0x20000264   Section     1220  tasks.o(.bss)
    pxReadyTasksLists                        0x20000264   Data        1120  tasks.o(.bss)
    xDelayedTaskList1                        0x200006c4   Data          20  tasks.o(.bss)
    xDelayedTaskList2                        0x200006d8   Data          20  tasks.o(.bss)
    xPendingReadyList                        0x200006ec   Data          20  tasks.o(.bss)
    xTasksWaitingTermination                 0x20000700   Data          20  tasks.o(.bss)
    xSuspendedTaskList                       0x20000714   Data          20  tasks.o(.bss)
    .bss                                     0x20000728   Section      280  timers.o(.bss)
    xStaticTimerQueue                        0x20000728   Data          80  timers.o(.bss)
    ucStaticTimerQueueStorage                0x20000778   Data         160  timers.o(.bss)
    xActiveTimerList1                        0x20000818   Data          20  timers.o(.bss)
    xActiveTimerList2                        0x2000082c   Data          20  timers.o(.bss)
    .bss                                     0x20000840   Section     1720  cmsis_os2.o(.bss)
    Idle_TCB                                 0x20000840   Data          92  cmsis_os2.o(.bss)
    Idle_Stack                               0x2000089c   Data         512  cmsis_os2.o(.bss)
    Timer_TCB                                0x20000a9c   Data          92  cmsis_os2.o(.bss)
    Timer_Stack                              0x20000af8   Data        1024  cmsis_os2.o(.bss)
    .bss                                     0x20000ef8   Section     8192  heap_4.o(.bss)
    ucHeap                                   0x20000ef8   Data        8192  heap_4.o(.bss)
    .bss                                     0x20002ef8   Section       96  libspace.o(.bss)
    HEAP                                     0x20002f58   Section      512  startup_stm32f103xb.o(HEAP)
    Heap_Mem                                 0x20002f58   Data         512  startup_stm32f103xb.o(HEAP)
    STACK                                    0x20003158   Section     1024  startup_stm32f103xb.o(STACK)
    Stack_Mem                                0x20003158   Data        1024  startup_stm32f103xb.o(STACK)
    __initial_sp                             0x20003558   Data           0  startup_stm32f103xb.o(STACK)

    Global Symbols

    Symbol Name                              Value     Ov Type        Size  Object(Section)

    BuildAttributes$$THM_ISAv4$P$D$K$B$S$PE$A:L22UL41UL21$X:L11$S22US41US21$IEEE1$IW$USESV6$~STKCKD$USESV7$~SHL$OSPACE$ROPI$EBA8$UX$STANDARDLIB$REQ8$PRES8$EABIv2 0x00000000   Number         0  anon$$obj.o ABSOLUTE
    __ARM_use_no_argv                        0x00000000   Number         0  main.o ABSOLUTE
    _printf_flags                            0x00000000   Number         0  printf_stubs.o ABSOLUTE
    _printf_return_value                     0x00000000   Number         0  printf_stubs.o ABSOLUTE
    _printf_sizespec                         0x00000000   Number         0  printf_stubs.o ABSOLUTE
    _printf_widthprec                        0x00000000   Number         0  printf_stubs.o ABSOLUTE
    __ARM_exceptions_init                     - Undefined Weak Reference
    __alloca_initialize                       - Undefined Weak Reference
    __arm_fini_                               - Undefined Weak Reference
    __arm_preinit_                            - Undefined Weak Reference
    __cpp_initialize__aeabi_                  - Undefined Weak Reference
    __cxa_finalize                            - Undefined Weak Reference
    __rt_locale                               - Undefined Weak Reference
    __sigvec_lookup                           - Undefined Weak Reference
    _atexit_init                              - Undefined Weak Reference
    _call_atexit_fns                          - Undefined Weak Reference
    _clock_init                               - Undefined Weak Reference
    _fp_trap_init                             - Undefined Weak Reference
    _fp_trap_shutdown                         - Undefined Weak Reference
    _get_lc_collate                           - Undefined Weak Reference
    _get_lc_ctype                             - Undefined Weak Reference
    _get_lc_monetary                          - Undefined Weak Reference
    _get_lc_numeric                           - Undefined Weak Reference
    _get_lc_time                              - Undefined Weak Reference
    _getenv_init                              - Undefined Weak Reference
    _handle_redirection                       - Undefined Weak Reference
    _init_alloc                               - Undefined Weak Reference
    _init_user_alloc                          - Undefined Weak Reference
    _initio                                   - Undefined Weak Reference
    _printf_mbtowc                            - Undefined Weak Reference
    _printf_post_padding                      - Undefined Weak Reference
    _printf_pre_padding                       - Undefined Weak Reference
    _printf_truncate_signed                   - Undefined Weak Reference
    _printf_truncate_unsigned                 - Undefined Weak Reference
    _rand_init                                - Undefined Weak Reference
    _signal_finish                            - Undefined Weak Reference
    _signal_init                              - Undefined Weak Reference
    _terminate_alloc                          - Undefined Weak Reference
    _terminate_user_alloc                     - Undefined Weak Reference
    _terminateio                              - Undefined Weak Reference
    __Vectors_Size                           0x000000ec   Number         0  startup_stm32f103xb.o ABSOLUTE
    __Vectors                                0x08000000   Data           4  startup_stm32f103xb.o(RESET)
    __Vectors_End                            0x080000ec   Data           0  startup_stm32f103xb.o(RESET)
    __main                                   0x080000ed   Thumb Code     8  __main.o(!!!main)
    __scatterload                            0x080000f5   Thumb Code     0  __scatter.o(!!!scatter)
    __scatterload_rt2                        0x080000f5   Thumb Code    44  __scatter.o(!!!scatter)
    __scatterload_rt2_thumb_only             0x080000f5   Thumb Code     0  __scatter.o(!!!scatter)
    __scatterload_null                       0x08000103   Thumb Code     0  __scatter.o(!!!scatter)
    __scatterload_copy                       0x08000129   Thumb Code    26  __scatter_copy.o(!!handler_copy)
    __scatterload_zeroinit                   0x08000145   Thumb Code    28  __scatter_zi.o(!!handler_zi)
    _printf_percent                          0x08000161   Thumb Code     0  _printf_percent.o(.ARM.Collect$$_printf_percent$$00000000)
    _printf_u                                0x08000161   Thumb Code     0  _printf_u.o(.ARM.Collect$$_printf_percent$$0000000A)
    _printf_percent_end                      0x08000167   Thumb Code     0  _printf_percent_end.o(.ARM.Collect$$_printf_percent$$00000017)
    __rt_lib_init                            0x0800016b   Thumb Code     0  libinit.o(.ARM.Collect$$libinit$$00000000)
    __rt_lib_init_alloca_1                   0x0800016d   Thumb Code     0  libinit2.o(.ARM.Collect$$libinit$$0000002E)
    __rt_lib_init_argv_1                     0x0800016d   Thumb Code     0  libinit2.o(.ARM.Collect$$libinit$$0000002C)
    __rt_lib_init_atexit_1                   0x0800016d   Thumb Code     0  libinit2.o(.ARM.Collect$$libinit$$0000001B)
    __rt_lib_init_clock_1                    0x0800016d   Thumb Code     0  libinit2.o(.ARM.Collect$$libinit$$00000021)
    __rt_lib_init_cpp_1                      0x0800016d   Thumb Code     0  libinit2.o(.ARM.Collect$$libinit$$00000032)
    __rt_lib_init_exceptions_1               0x0800016d   Thumb Code     0  libinit2.o(.ARM.Collect$$libinit$$00000030)
    __rt_lib_init_fp_1                       0x0800016d   Thumb Code     0  libinit2.o(.ARM.Collect$$libinit$$00000002)
    __rt_lib_init_fp_trap_1                  0x0800016d   Thumb Code     0  libinit2.o(.ARM.Collect$$libinit$$0000001F)
    __rt_lib_init_getenv_1                   0x0800016d   Thumb Code     0  libinit2.o(.ARM.Collect$$libinit$$00000023)
    __rt_lib_init_heap_1                     0x0800016d   Thumb Code     0  libinit2.o(.ARM.Collect$$libinit$$0000000A)
    __rt_lib_init_lc_collate_1               0x0800016d   Thumb Code     0  libinit2.o(.ARM.Collect$$libinit$$00000011)
    __rt_lib_init_lc_ctype_1                 0x0800016d   Thumb Code     0  libinit2.o(.ARM.Collect$$libinit$$00000013)
    __rt_lib_init_lc_monetary_1              0x0800016d   Thumb Code     0  libinit2.o(.ARM.Collect$$libinit$$00000015)
    __rt_lib_init_lc_numeric_1               0x0800016d   Thumb Code     0  libinit2.o(.ARM.Collect$$libinit$$00000017)
    __rt_lib_init_lc_time_1                  0x0800016d   Thumb Code     0  libinit2.o(.ARM.Collect$$libinit$$00000019)
    __rt_lib_init_preinit_1                  0x0800016d   Thumb Code     0  libinit2.o(.ARM.Collect$$libinit$$00000004)
    __rt_lib_init_rand_1                     0x0800016d   Thumb Code     0  libinit2.o(.ARM.Collect$$libinit$$0000000E)
    __rt_lib_init_return                     0x0800016d   Thumb Code     0  libinit2.o(.ARM.Collect$$libinit$$00000033)
    __rt_lib_init_signal_1                   0x0800016d   Thumb Code     0  libinit2.o(.ARM.Collect$$libinit$$0000001D)
    __rt_lib_init_stdio_1                    0x0800016d   Thumb Code     0  libinit2.o(.ARM.Collect$$libinit$$00000025)
    __rt_lib_init_user_alloc_1               0x0800016d   Thumb Code     0  libinit2.o(.ARM.Collect$$libinit$$0000000C)
    __rt_lib_shutdown                        0x0800016f   Thumb Code     0  libshutdown.o(.ARM.Collect$$libshutdown$$00000000)
    __rt_lib_shutdown_cpp_1                  0x08000171   Thumb Code     0  libshutdown2.o(.ARM.Collect$$libshutdown$$00000004)
    __rt_lib_shutdown_fini_1                 0x08000171   Thumb Code     0  libshutdown2.o(.ARM.Collect$$libshutdown$$00000002)
    __rt_lib_shutdown_fp_trap_1              0x08000171   Thumb Code     0  libshutdown2.o(.ARM.Collect$$libshutdown$$00000009)
    __rt_lib_shutdown_heap_1                 0x08000171   Thumb Code     0  libshutdown2.o(.ARM.Collect$$libshutdown$$00000011)
    __rt_lib_shutdown_return                 0x08000171   Thumb Code     0  libshutdown2.o(.ARM.Collect$$libshutdown$$00000012)
    __rt_lib_shutdown_signal_1               0x08000171   Thumb Code     0  libshutdown2.o(.ARM.Collect$$libshutdown$$0000000C)
    __rt_lib_shutdown_stdio_1                0x08000171   Thumb Code     0  libshutdown2.o(.ARM.Collect$$libshutdown$$00000006)
    __rt_lib_shutdown_user_alloc_1           0x08000171   Thumb Code     0  libshutdown2.o(.ARM.Collect$$libshutdown$$0000000E)
    __rt_entry                               0x08000173   Thumb Code     0  __rtentry.o(.ARM.Collect$$rtentry$$00000000)
    __rt_entry_presh_1                       0x08000173   Thumb Code     0  __rtentry2.o(.ARM.Collect$$rtentry$$00000002)
    __rt_entry_sh                            0x08000173   Thumb Code     0  __rtentry4.o(.ARM.Collect$$rtentry$$00000004)
    __rt_entry_li                            0x08000179   Thumb Code     0  __rtentry2.o(.ARM.Collect$$rtentry$$0000000A)
    __rt_entry_postsh_1                      0x08000179   Thumb Code     0  __rtentry2.o(.ARM.Collect$$rtentry$$00000009)
    __rt_entry_main                          0x0800017d   Thumb Code     0  __rtentry2.o(.ARM.Collect$$rtentry$$0000000D)
    __rt_entry_postli_1                      0x0800017d   Thumb Code     0  __rtentry2.o(.ARM.Collect$$rtentry$$0000000C)
    __rt_exit                                0x08000185   Thumb Code     0  rtexit.o(.ARM.Collect$$rtexit$$00000000)
    __rt_exit_ls                             0x08000187   Thumb Code     0  rtexit2.o(.ARM.Collect$$rtexit$$00000003)
    __rt_exit_prels_1                        0x08000187   Thumb Code     0  rtexit2.o(.ARM.Collect$$rtexit$$00000002)
    __rt_exit_exit                           0x0800018b   Thumb Code     0  rtexit2.o(.ARM.Collect$$rtexit$$00000004)
    SVC_Handler                              0x08000191   Thumb Code    32  port.o(.emb_text)
    __asm___6_port_c_39a90d8d__prvStartFirstTask 0x080001b5   Thumb Code    28  port.o(.emb_text)
    PendSV_Handler                           0x080001d5   Thumb Code    72  port.o(.emb_text)
    vPortGetIPSR                             0x08000221   Thumb Code     6  port.o(.emb_text)
    Reset_Handler                            0x08000229   Thumb Code     8  startup_stm32f103xb.o(.text)
    ADC1_2_IRQHandler                        0x08000243   Thumb Code     0  startup_stm32f103xb.o(.text)
    CAN1_RX1_IRQHandler                      0x08000243   Thumb Code     0  startup_stm32f103xb.o(.text)
    CAN1_SCE_IRQHandler                      0x08000243   Thumb Code     0  startup_stm32f103xb.o(.text)
    DMA1_Channel1_IRQHandler                 0x08000243   Thumb Code     0  startup_stm32f103xb.o(.text)
    DMA1_Channel2_IRQHandler                 0x08000243   Thumb Code     0  startup_stm32f103xb.o(.text)
    DMA1_Channel3_IRQHandler                 0x08000243   Thumb Code     0  startup_stm32f103xb.o(.text)
    DMA1_Channel6_IRQHandler                 0x08000243   Thumb Code     0  startup_stm32f103xb.o(.text)
    DMA1_Channel7_IRQHandler                 0x08000243   Thumb Code     0  startup_stm32f103xb.o(.text)
    EXTI15_10_IRQHandler                     0x08000243   Thumb Code     0  startup_stm32f103xb.o(.text)
    EXTI1_IRQHandler                         0x08000243   Thumb Code     0  startup_stm32f103xb.o(.text)
    EXTI2_IRQHandler                         0x08000243   Thumb Code     0  startup_stm32f103xb.o(.text)
    EXTI3_IRQHandler                         0x08000243   Thumb Code     0  startup_stm32f103xb.o(.text)
    EXTI4_IRQHandler                         0x08000243   Thumb Code     0  startup_stm32f103xb.o(.text)
    EXTI9_5_IRQHandler                       0x08000243   Thumb Code     0  startup_stm32f103xb.o(.text)
    FLASH_IRQHandler                         0x08000243   Thumb Code     0  startup_stm32f103xb.o(.text)
    I2C1_ER_IRQHandler                       0x08000243   Thumb Code     0  startup_stm32f103xb.o(.text)
    I2C1_EV_IRQHandler                       0x08000243   Thumb Code     0  startup_stm32f103xb.o(.text)
    I2C2_ER_IRQHandler                       0x08000243   Thumb Code     0  startup_stm32f103xb.o(.text)
    I2C2_EV_IRQHandler                       0x08000243   Thumb Code     0  startup_stm32f103xb.o(.text)
    PVD_IRQHandler                           0x08000243   Thumb Code     0  startup_stm32f103xb.o(.text)
    RCC_IRQHandler                           0x08000243   Thumb Code     0  startup_stm32f103xb.o(.text)
    RTC_Alarm_IRQHandler                     0x08000243   Thumb Code     0  startup_stm32f103xb.o(.text)
    RTC_IRQHandler                           0x08000243   Thumb Code     0  startup_stm32f103xb.o(.text)
    SPI1_IRQHandler                          0x08000243   Thumb Code     0  startup_stm32f103xb.o(.text)
    SPI2_IRQHandler                          0x08000243   Thumb Code     0  startup_stm32f103xb.o(.text)
    TAMPER_IRQHandler                        0x08000243   Thumb Code     0  startup_stm32f103xb.o(.text)
    TIM1_BRK_IRQHandler                      0x08000243   Thumb Code     0  startup_stm32f103xb.o(.text)
    TIM1_CC_IRQHandler                       0x08000243   Thumb Code     0  startup_stm32f103xb.o(.text)
    TIM1_TRG_COM_IRQHandler                  0x08000243   Thumb Code     0  startup_stm32f103xb.o(.text)
    TIM1_UP_IRQHandler                       0x08000243   Thumb Code     0  startup_stm32f103xb.o(.text)
    TIM4_IRQHandler                          0x08000243   Thumb Code     0  startup_stm32f103xb.o(.text)
    USART2_IRQHandler                        0x08000243   Thumb Code     0  startup_stm32f103xb.o(.text)
    USART3_IRQHandler                        0x08000243   Thumb Code     0  startup_stm32f103xb.o(.text)
    USBWakeUp_IRQHandler                     0x08000243   Thumb Code     0  startup_stm32f103xb.o(.text)
    USB_HP_CAN1_TX_IRQHandler                0x08000243   Thumb Code     0  startup_stm32f103xb.o(.text)
    USB_LP_CAN1_RX0_IRQHandler               0x08000243   Thumb Code     0  startup_stm32f103xb.o(.text)
    WWDG_IRQHandler                          0x08000243   Thumb Code     0  startup_stm32f103xb.o(.text)
    __user_initial_stackheap                 0x08000245   Thumb Code     0  startup_stm32f103xb.o(.text)
    __2snprintf                              0x08000269   Thumb Code    50  __2snprintf.o(.text)
    _printf_int_dec                          0x080002a1   Thumb Code   104  _printf_dec.o(.text)
    __printf                                 0x08000319   Thumb Code   184  __printf_ss.o(.text)
    strlen                                   0x080003d1   Thumb Code    62  strlen.o(.text)
    __aeabi_memcpy                           0x0800040f   Thumb Code     0  rt_memcpy_v6.o(.text)
    __rt_memcpy                              0x0800040f   Thumb Code   138  rt_memcpy_v6.o(.text)
    _memcpy_lastbytes                        0x08000475   Thumb Code     0  rt_memcpy_v6.o(.text)
    __aeabi_memset                           0x08000499   Thumb Code    16  aeabi_memset.o(.text)
    __aeabi_memclr4                          0x080004a9   Thumb Code     0  rt_memclr_w.o(.text)
    __aeabi_memclr8                          0x080004a9   Thumb Code     0  rt_memclr_w.o(.text)
    __rt_memclr_w                            0x080004a9   Thumb Code    78  rt_memclr_w.o(.text)
    _memset_w                                0x080004ad   Thumb Code     0  rt_memclr_w.o(.text)
    __use_two_region_memory                  0x080004f7   Thumb Code     2  heapauxi.o(.text)
    __rt_heap_escrow$2region                 0x080004f9   Thumb Code     2  heapauxi.o(.text)
    __rt_heap_expand$2region                 0x080004fb   Thumb Code     2  heapauxi.o(.text)
    _printf_int_common                       0x080004fd   Thumb Code   178  _printf_intcommon.o(.text)
    _printf_char_common                      0x080005bb   Thumb Code    32  _printf_char_common.o(.text)
    _sputc                                   0x080005e1   Thumb Code    10  _sputc.o(.text)
    _snputc                                  0x080005eb   Thumb Code    16  _snputc.o(.text)
    __aeabi_memcpy4                          0x080005fb   Thumb Code     0  rt_memcpy_w.o(.text)
    __aeabi_memcpy8                          0x080005fb   Thumb Code     0  rt_memcpy_w.o(.text)
    __rt_memcpy_w                            0x080005fb   Thumb Code   100  rt_memcpy_w.o(.text)
    _memcpy_lastbytes_aligned                0x08000643   Thumb Code     0  rt_memcpy_w.o(.text)
    __aeabi_memclr                           0x0800065f   Thumb Code     0  rt_memclr.o(.text)
    __rt_memclr                              0x0800065f   Thumb Code    68  rt_memclr.o(.text)
    _memset                                  0x08000663   Thumb Code     0  rt_memclr.o(.text)
    __user_setup_stackheap                   0x080006a3   Thumb Code    74  sys_stackheap_outer.o(.text)
    exit                                     0x080006ed   Thumb Code    18  exit.o(.text)
    __user_libspace                          0x08000701   Thumb Code     8  libspace.o(.text)
    __user_perproc_libspace                  0x08000701   Thumb Code     0  libspace.o(.text)
    __user_perthread_libspace                0x08000701   Thumb Code     0  libspace.o(.text)
    _sys_exit                                0x08000709   Thumb Code     8  sys_exit.o(.text)
    __I$use$semihosting                      0x08000715   Thumb Code     0  use_no_semi.o(.text)
    __use_no_semihosting_swi                 0x08000715   Thumb Code     2  use_no_semi.o(.text)
    BusFault_Handler                         0x08000717   Thumb Code     2  stm32f1xx_it.o(i.BusFault_Handler)
    __semihosting_library_function           0x08000717   Thumb Code     0  indicate_semi.o(.text)
    DEBUG_Print                              0x08000719   Thumb Code    26  usart.o(i.DEBUG_Print)
    DMA1_Channel4_IRQHandler                 0x08000739   Thumb Code     6  stm32f1xx_it.o(i.DMA1_Channel4_IRQHandler)
    DMA1_Channel5_IRQHandler                 0x08000745   Thumb Code     6  stm32f1xx_it.o(i.DMA1_Channel5_IRQHandler)
    DebugMon_Handler                         0x08000751   Thumb Code     2  stm32f1xx_it.o(i.DebugMon_Handler)
    EXTI0_IRQHandler                         0x08000753   Thumb Code     6  stm32f1xx_it.o(i.EXTI0_IRQHandler)
    Error_Handler                            0x08000759   Thumb Code     4  main.o(i.Error_Handler)
    HAL_DMA_Abort                            0x0800075d   Thumb Code    70  stm32f1xx_hal_dma.o(i.HAL_DMA_Abort)
    HAL_DMA_Abort_IT                         0x080007a5   Thumb Code   148  stm32f1xx_hal_dma.o(i.HAL_DMA_Abort_IT)
    HAL_DMA_IRQHandler                       0x0800083d   Thumb Code   316  stm32f1xx_hal_dma.o(i.HAL_DMA_IRQHandler)
    HAL_DMA_Init                             0x08000991   Thumb Code    84  stm32f1xx_hal_dma.o(i.HAL_DMA_Init)
    HAL_GPIO_EXTI_Callback                   0x080009ed   Thumb Code    52  freertos.o(i.HAL_GPIO_EXTI_Callback)
    HAL_GPIO_EXTI_IRQHandler                 0x08000a45   Thumb Code    18  stm32f1xx_hal_gpio.o(i.HAL_GPIO_EXTI_IRQHandler)
    HAL_GPIO_Init                            0x08000a5d   Thumb Code   446  stm32f1xx_hal_gpio.o(i.HAL_GPIO_Init)
    HAL_GPIO_WritePin                        0x08000c3d   Thumb Code    10  stm32f1xx_hal_gpio.o(i.HAL_GPIO_WritePin)
    HAL_GetTick                              0x08000c49   Thumb Code     6  stm32f1xx_hal.o(i.HAL_GetTick)
    HAL_Init                                 0x08000c55   Thumb Code    32  stm32f1xx_hal.o(i.HAL_Init)
    HAL_InitTick                             0x08000c79   Thumb Code   134  stm32f1xx_hal_timebase_tim.o(i.HAL_InitTick)
    HAL_MspInit                              0x08000d11   Thumb Code    62  stm32f1xx_hal_msp.o(i.HAL_MspInit)
    HAL_NVIC_EnableIRQ                       0x08000d59   Thumb Code    26  stm32f1xx_hal_cortex.o(i.HAL_NVIC_EnableIRQ)
    HAL_NVIC_SetPriority                     0x08000d75   Thumb Code    60  stm32f1xx_hal_cortex.o(i.HAL_NVIC_SetPriority)
    HAL_NVIC_SetPriorityGrouping             0x08000db5   Thumb Code    26  stm32f1xx_hal_cortex.o(i.HAL_NVIC_SetPriorityGrouping)
    HAL_RCC_ClockConfig                      0x08000dd9   Thumb Code   280  stm32f1xx_hal_rcc.o(i.HAL_RCC_ClockConfig)
    HAL_RCC_GetClockConfig                   0x08000f05   Thumb Code    54  stm32f1xx_hal_rcc.o(i.HAL_RCC_GetClockConfig)
    HAL_RCC_GetPCLK1Freq                     0x08000f45   Thumb Code    20  stm32f1xx_hal_rcc.o(i.HAL_RCC_GetPCLK1Freq)
    HAL_RCC_GetPCLK2Freq                     0x08000f65   Thumb Code    20  stm32f1xx_hal_rcc.o(i.HAL_RCC_GetPCLK2Freq)
    HAL_RCC_GetSysClockFreq                  0x08000f85   Thumb Code    58  stm32f1xx_hal_rcc.o(i.HAL_RCC_GetSysClockFreq)
    HAL_RCC_OscConfig                        0x08000fd1   Thumb Code   778  stm32f1xx_hal_rcc.o(i.HAL_RCC_OscConfig)
    HAL_TIMEx_BreakCallback                  0x080012f1   Thumb Code     2  stm32f1xx_hal_tim_ex.o(i.HAL_TIMEx_BreakCallback)
    HAL_TIMEx_CommutCallback                 0x080012f3   Thumb Code     2  stm32f1xx_hal_tim_ex.o(i.HAL_TIMEx_CommutCallback)
    HAL_TIMEx_MasterConfigSynchronization    0x080012f5   Thumb Code    92  stm32f1xx_hal_tim_ex.o(i.HAL_TIMEx_MasterConfigSynchronization)
    HAL_TIM_Base_Init                        0x0800135d   Thumb Code    90  stm32f1xx_hal_tim.o(i.HAL_TIM_Base_Init)
    HAL_TIM_Base_MspInit                     0x080013b9   Thumb Code    50  tim.o(i.HAL_TIM_Base_MspInit)
    HAL_TIM_Base_Start_IT                    0x080013f5   Thumb Code    76  stm32f1xx_hal_tim.o(i.HAL_TIM_Base_Start_IT)
    HAL_TIM_ConfigClockSource                0x0800144d   Thumb Code   220  stm32f1xx_hal_tim.o(i.HAL_TIM_ConfigClockSource)
    HAL_TIM_IC_CaptureCallback               0x08001529   Thumb Code     2  stm32f1xx_hal_tim.o(i.HAL_TIM_IC_CaptureCallback)
    HAL_TIM_IRQHandler                       0x0800152b   Thumb Code   304  stm32f1xx_hal_tim.o(i.HAL_TIM_IRQHandler)
    HAL_TIM_MspPostInit                      0x0800165d   Thumb Code    62  tim.o(i.HAL_TIM_MspPostInit)
    HAL_TIM_OC_DelayElapsedCallback          0x080016a9   Thumb Code     2  stm32f1xx_hal_tim.o(i.HAL_TIM_OC_DelayElapsedCallback)
    HAL_TIM_PWM_ConfigChannel                0x080016ab   Thumb Code   204  stm32f1xx_hal_tim.o(i.HAL_TIM_PWM_ConfigChannel)
    HAL_TIM_PWM_Init                         0x08001777   Thumb Code    90  stm32f1xx_hal_tim.o(i.HAL_TIM_PWM_Init)
    HAL_TIM_PWM_MspInit                      0x080017d1   Thumb Code     2  stm32f1xx_hal_tim.o(i.HAL_TIM_PWM_MspInit)
    HAL_TIM_PWM_PulseFinishedCallback        0x080017d3   Thumb Code     2  stm32f1xx_hal_tim.o(i.HAL_TIM_PWM_PulseFinishedCallback)
    HAL_TIM_PeriodElapsedCallback            0x080017d5   Thumb Code    50  freertos.o(i.HAL_TIM_PeriodElapsedCallback)
    HAL_TIM_TriggerCallback                  0x08001815   Thumb Code     2  stm32f1xx_hal_tim.o(i.HAL_TIM_TriggerCallback)
    HAL_UARTEx_RxEventCallback               0x08001817   Thumb Code     2  stm32f1xx_hal_uart.o(i.HAL_UARTEx_RxEventCallback)
    HAL_UART_ErrorCallback                   0x08001819   Thumb Code     2  stm32f1xx_hal_uart.o(i.HAL_UART_ErrorCallback)
    HAL_UART_IRQHandler                      0x0800181d   Thumb Code   616  stm32f1xx_hal_uart.o(i.HAL_UART_IRQHandler)
    HAL_UART_Init                            0x08001a89   Thumb Code   100  stm32f1xx_hal_uart.o(i.HAL_UART_Init)
    HAL_UART_MspInit                         0x08001aed   Thumb Code   208  usart.o(i.HAL_UART_MspInit)
    HAL_UART_RxCpltCallback                  0x08001bd1   Thumb Code    50  freertos.o(i.HAL_UART_RxCpltCallback)
    HAL_UART_Transmit                        0x08001c11   Thumb Code   160  stm32f1xx_hal_uart.o(i.HAL_UART_Transmit)
    HAL_UART_TxCpltCallback                  0x08001cb1   Thumb Code     2  usart.o(i.HAL_UART_TxCpltCallback)
    HardFault_Handler                        0x08001cb3   Thumb Code     2  stm32f1xx_it.o(i.HardFault_Handler)
    LED_Breath_Timer_Callback                0x08001cb5   Thumb Code    66  freertos.o(i.LED_Breath_Timer_Callback)
    MX_DMA_Init                              0x08001d01   Thumb Code    56  dma.o(i.MX_DMA_Init)
    MX_FREERTOS_Init                         0x08001d3d   Thumb Code   146  freertos.o(i.MX_FREERTOS_Init)
    MX_GPIO_Init                             0x08001e29   Thumb Code   188  gpio.o(i.MX_GPIO_Init)
    MX_TIM3_Init                             0x08001ef9   Thumb Code   150  tim.o(i.MX_TIM3_Init)
    MX_USART1_UART_Init                      0x08001f99   Thumb Code    48  usart.o(i.MX_USART1_UART_Init)
    MemManage_Handler                        0x08001fd1   Thumb Code     2  stm32f1xx_it.o(i.MemManage_Handler)
    NMI_Handler                              0x08001fd3   Thumb Code     2  stm32f1xx_it.o(i.NMI_Handler)
    Print_Timer_Callback                     0x08001fd5   Thumb Code    30  freertos.o(i.Print_Timer_Callback)
    StartDefaultTask                         0x08002015   Thumb Code     8  freertos.o(i.StartDefaultTask)
    SysTick_Handler                          0x0800201d   Thumb Code    26  cmsis_os2.o(i.SysTick_Handler)
    SystemClock_Config                       0x08002037   Thumb Code    94  main.o(i.SystemClock_Config)
    SystemInit                               0x08002095   Thumb Code     2  system_stm32f1xx.o(i.SystemInit)
    TIM2_IRQHandler                          0x08002099   Thumb Code     6  stm32f1xx_it.o(i.TIM2_IRQHandler)
    TIM3_IRQHandler                          0x080020a5   Thumb Code     6  stm32f1xx_it.o(i.TIM3_IRQHandler)
    TIM_Base_SetConfig                       0x080020b1   Thumb Code   108  stm32f1xx_hal_tim.o(i.TIM_Base_SetConfig)
    TIM_ETR_SetConfig                        0x08002129   Thumb Code    20  stm32f1xx_hal_tim.o(i.TIM_ETR_SetConfig)
    TIM_OC2_SetConfig                        0x0800219d   Thumb Code    84  stm32f1xx_hal_tim.o(i.TIM_OC2_SetConfig)
    UART_Init                                0x0800234d   Thumb Code    14  usart.o(i.UART_Init)
    USART1_IRQHandler                        0x08002555   Thumb Code     6  stm32f1xx_it.o(i.USART1_IRQHandler)
    UsageFault_Handler                       0x08002561   Thumb Code     2  stm32f1xx_it.o(i.UsageFault_Handler)
    main                                     0x08002583   Thumb Code    38  main.o(i.main)
    osDelay                                  0x080025a9   Thumb Code    26  cmsis_os2.o(i.osDelay)
    osEventFlagsNew                          0x080025c3   Thumb Code    44  cmsis_os2.o(i.osEventFlagsNew)
    osKernelGetTickCount                     0x080025ef   Thumb Code    14  cmsis_os2.o(i.osKernelGetTickCount)
    osKernelInitialize                       0x080025fd   Thumb Code    32  cmsis_os2.o(i.osKernelInitialize)
    osKernelStart                            0x08002621   Thumb Code    48  cmsis_os2.o(i.osKernelStart)
    osMessageQueueNew                        0x08002659   Thumb Code    88  cmsis_os2.o(i.osMessageQueueNew)
    osMutexNew                               0x080026b1   Thumb Code   104  cmsis_os2.o(i.osMutexNew)
    osSemaphoreNew                           0x08002719   Thumb Code   152  cmsis_os2.o(i.osSemaphoreNew)
    osThreadNew                              0x080027b1   Thumb Code   138  cmsis_os2.o(i.osThreadNew)
    osTimerNew                               0x0800283d   Thumb Code   116  cmsis_os2.o(i.osTimerNew)
    osTimerStart                             0x080028b5   Thumb Code    50  cmsis_os2.o(i.osTimerStart)
    pvPortMalloc                             0x080030e5   Thumb Code   216  heap_4.o(i.pvPortMalloc)
    pvTimerGetTimerID                        0x080031c1   Thumb Code    36  timers.o(i.pvTimerGetTimerID)
    pxPortInitialiseStack                    0x080031e5   Thumb Code    32  port.o(i.pxPortInitialiseStack)
    uxListRemove                             0x08003209   Thumb Code    38  list.o(i.uxListRemove)
    vApplicationGetIdleTaskMemory            0x08003231   Thumb Code    16  cmsis_os2.o(i.vApplicationGetIdleTaskMemory)
    vApplicationGetTimerTaskMemory           0x08003245   Thumb Code    18  cmsis_os2.o(i.vApplicationGetTimerTaskMemory)
    vEventGroupSetBitsCallback               0x0800325d   Thumb Code     4  event_groups.o(i.vEventGroupSetBitsCallback)
    vListInitialise                          0x08003261   Thumb Code    22  list.o(i.vListInitialise)
    vListInitialiseItem                      0x08003277   Thumb Code     6  list.o(i.vListInitialiseItem)
    vListInsert                              0x0800327d   Thumb Code    48  list.o(i.vListInsert)
    vListInsertEnd                           0x080032ad   Thumb Code    24  list.o(i.vListInsertEnd)
    vPortEnterCritical                       0x080032c5   Thumb Code    54  port.o(i.vPortEnterCritical)
    vPortExitCritical                        0x08003305   Thumb Code    34  port.o(i.vPortExitCritical)
    vPortFree                                0x0800332d   Thumb Code    94  heap_4.o(i.vPortFree)
    vPortSetupTimerInterrupt                 0x08003391   Thumb Code    32  port.o(i.vPortSetupTimerInterrupt)
    vPortValidateInterruptPriority           0x080033b5   Thumb Code    74  port.o(i.vPortValidateInterruptPriority)
    vQueueAddToRegistry                      0x08003409   Thumb Code    34  queue.o(i.vQueueAddToRegistry)
    vQueueDelete                             0x08003431   Thumb Code    46  queue.o(i.vQueueDelete)
    vQueueUnregisterQueue                    0x08003461   Thumb Code    36  queue.o(i.vQueueUnregisterQueue)
    vQueueWaitForMessageRestricted           0x08003489   Thumb Code    68  queue.o(i.vQueueWaitForMessageRestricted)
    vTaskDelay                               0x080034cd   Thumb Code    66  tasks.o(i.vTaskDelay)
    vTaskInternalSetTimeOutState             0x08003519   Thumb Code    12  tasks.o(i.vTaskInternalSetTimeOutState)
    vTaskMissedYield                         0x08003529   Thumb Code     8  tasks.o(i.vTaskMissedYield)
    vTaskPlaceOnEventList                    0x08003535   Thumb Code    44  tasks.o(i.vTaskPlaceOnEventList)
    vTaskPlaceOnEventListRestricted          0x08003565   Thumb Code    52  tasks.o(i.vTaskPlaceOnEventListRestricted)
    vTaskRemoveFromUnorderedEventList        0x0800359d   Thumb Code   102  tasks.o(i.vTaskRemoveFromUnorderedEventList)
    vTaskStartScheduler                      0x0800360d   Thumb Code   118  tasks.o(i.vTaskStartScheduler)
    vTaskSuspendAll                          0x08003695   Thumb Code    10  tasks.o(i.vTaskSuspendAll)
    vTaskSwitchContext                       0x080036a5   Thumb Code    90  tasks.o(i.vTaskSwitchContext)
    xEventGroupCreate                        0x08003709   Thumb Code    28  event_groups.o(i.xEventGroupCreate)
    xEventGroupCreateStatic                  0x08003725   Thumb Code    44  event_groups.o(i.xEventGroupCreateStatic)
    xEventGroupSetBits                       0x08003751   Thumb Code   140  event_groups.o(i.xEventGroupSetBits)
    xEventGroupSetBitsFromISR                0x080037dd   Thumb Code    12  event_groups.o(i.xEventGroupSetBitsFromISR)
    xPortStartScheduler                      0x080037ed   Thumb Code   154  port.o(i.xPortStartScheduler)
    xPortSysTickHandler                      0x08003895   Thumb Code    38  port.o(i.xPortSysTickHandler)
    xQueueCreateCountingSemaphore            0x080038c1   Thumb Code    58  queue.o(i.xQueueCreateCountingSemaphore)
    xQueueCreateCountingSemaphoreStatic      0x080038fb   Thumb Code    64  queue.o(i.xQueueCreateCountingSemaphoreStatic)
    xQueueCreateMutex                        0x0800393b   Thumb Code    22  queue.o(i.xQueueCreateMutex)
    xQueueCreateMutexStatic                  0x08003951   Thumb Code    26  queue.o(i.xQueueCreateMutexStatic)
    xQueueGenericCreate                      0x0800396b   Thumb Code    66  queue.o(i.xQueueGenericCreate)
    xQueueGenericCreateStatic                0x080039ad   Thumb Code   102  queue.o(i.xQueueGenericCreateStatic)
    xQueueGenericReset                       0x08003a15   Thumb Code   132  queue.o(i.xQueueGenericReset)
    xQueueGenericSend                        0x08003a9d   Thumb Code   346  queue.o(i.xQueueGenericSend)
    xQueueGenericSendFromISR                 0x08003bfd   Thumb Code   190  queue.o(i.xQueueGenericSendFromISR)
    xQueueReceive                            0x08003cbd   Thumb Code   308  queue.o(i.xQueueReceive)
    xTaskCheckForTimeOut                     0x08003df5   Thumb Code   112  tasks.o(i.xTaskCheckForTimeOut)
    xTaskCreate                              0x08003e69   Thumb Code    90  tasks.o(i.xTaskCreate)
    xTaskCreateStatic                        0x08003ec3   Thumb Code    86  tasks.o(i.xTaskCreateStatic)
    xTaskGetSchedulerState                   0x08003f19   Thumb Code    22  tasks.o(i.xTaskGetSchedulerState)
    xTaskGetTickCount                        0x08003f35   Thumb Code     6  tasks.o(i.xTaskGetTickCount)
    xTaskGetTickCountFromISR                 0x08003f41   Thumb Code    12  tasks.o(i.xTaskGetTickCountFromISR)
    xTaskIncrementTick                       0x08003f51   Thumb Code   192  tasks.o(i.xTaskIncrementTick)
    xTaskPriorityDisinherit                  0x08004019   Thumb Code   118  tasks.o(i.xTaskPriorityDisinherit)
    xTaskRemoveFromEventList                 0x08004099   Thumb Code    98  tasks.o(i.xTaskRemoveFromEventList)
    xTaskResumeAll                           0x08004109   Thumb Code   182  tasks.o(i.xTaskResumeAll)
    xTimerCreate                             0x080041cd   Thumb Code    52  timers.o(i.xTimerCreate)
    xTimerCreateStatic                       0x08004201   Thumb Code    46  timers.o(i.xTimerCreateStatic)
    xTimerCreateTimerTask                    0x08004231   Thumb Code    78  timers.o(i.xTimerCreateTimerTask)
    xTimerGenericCommand                     0x08004291   Thumb Code    98  timers.o(i.xTimerGenericCommand)
    xTimerPendFunctionCallFromISR            0x080042f9   Thumb Code    34  timers.o(i.xTimerPendFunctionCallFromISR)
    KeyQueue_attributes                      0x08004320   Data          24  freertos.o(.constdata)
    LED_Sem_attributes                       0x08004338   Data          16  freertos.o(.constdata)
    LED_Event_attributes                     0x08004348   Data          16  freertos.o(.constdata)
    memPoolMutex_attributes                  0x08004358   Data          16  freertos.o(.constdata)
    Print_Timer_attributes                   0x08004368   Data          16  freertos.o(.constdata)
    LED_Breath_Timer_attributes              0x08004378   Data          16  freertos.o(.constdata)
    defaultTask_attributes                   0x08004388   Data          36  freertos.o(.constdata)
    UartMutex_attributes                     0x080043ac   Data          16  usart.o(.constdata)
    AHBPrescTable                            0x080043ce   Data          16  system_stm32f1xx.o(.constdata)
    APBPrescTable                            0x080043de   Data           8  system_stm32f1xx.o(.constdata)
    Region$$Table$$Base                      0x0800444c   Number         0  anon$$obj.o(Region$$Table)
    Region$$Table$$Limit                     0x0800446c   Number         0  anon$$obj.o(Region$$Table)
    LED1TaskHandle                           0x20000008   Data           4  freertos.o(.data)
    LED2TaskHandle                           0x2000000c   Data           4  freertos.o(.data)
    KEY_TaskHandle                           0x20000010   Data           4  freertos.o(.data)
    KeyQueueHandle                           0x20000014   Data           4  freertos.o(.data)
    LED_SemHandle                            0x20000018   Data           4  freertos.o(.data)
    LED_EventHandle                          0x2000001c   Data           4  freertos.o(.data)
    Print_TimerHandle                        0x20000024   Data           4  freertos.o(.data)
    LED_Breath_TimerHandle                   0x20000028   Data           4  freertos.o(.data)
    defaultTaskHandle                        0x2000002c   Data           4  freertos.o(.data)
    uwTickFreq                               0x20000034   Data           1  stm32f1xx_hal.o(.data)
    uwTickPrio                               0x20000038   Data           4  stm32f1xx_hal.o(.data)
    uwTick                                   0x2000003c   Data           4  stm32f1xx_hal.o(.data)
    SystemCoreClock                          0x20000040   Data           4  system_stm32f1xx.o(.data)
    pxCurrentTCB                             0x20000044   Data           4  tasks.o(.data)
    htim3                                    0x200000c4   Data          72  tim.o(.bss)
    huart1                                   0x2000010c   Data          72  usart.o(.bss)
    hdma_usart1_rx                           0x20000154   Data          68  usart.o(.bss)
    hdma_usart1_tx                           0x20000198   Data          68  usart.o(.bss)
    htim2                                    0x200001dc   Data          72  stm32f1xx_hal_timebase_tim.o(.bss)
    xQueueRegistry                           0x20000224   Data          64  queue.o(.bss)
    __libspace_start                         0x20002ef8   Data          96  libspace.o(.bss)
    __temporary_stack_top$libspace           0x20002f58   Data           0  libspace.o(.bss)



==============================================================================

Memory Map of the image

  Image Entry point : 0x080000ed

  Load Region LR_IROM1 (Base: 0x08000000, Size: 0x00004530, Max: 0x00010000, ABSOLUTE)

    Execution Region ER_IROM1 (Exec base: 0x08000000, Load base: 0x08000000, Size: 0x0000446c, Max: 0x00010000, ABSOLUTE)

    Exec Addr    Load Addr    Size         Type   Attr      Idx    E Section Name        Object

    0x08000000   0x08000000   0x000000ec   Data   RO            3    RESET               startup_stm32f103xb.o
    0x080000ec   0x080000ec   0x00000008   Code   RO         4882  * !!!main             c_w.l(__main.o)
    0x080000f4   0x080000f4   0x00000034   Code   RO         5058    !!!scatter          c_w.l(__scatter.o)
    0x08000128   0x08000128   0x0000001a   Code   RO         5060    !!handler_copy      c_w.l(__scatter_copy.o)
    0x08000142   0x08000142   0x00000002   PAD
    0x08000144   0x08000144   0x0000001c   Code   RO         5062    !!handler_zi        c_w.l(__scatter_zi.o)
    0x08000160   0x08000160   0x00000000   Code   RO         4869    .ARM.Collect$$_printf_percent$$00000000  c_w.l(_printf_percent.o)
    0x08000160   0x08000160   0x00000006   Code   RO         4868    .ARM.Collect$$_printf_percent$$0000000A  c_w.l(_printf_u.o)
    0x08000166   0x08000166   0x00000004   Code   RO         4895    .ARM.Collect$$_printf_percent$$00000017  c_w.l(_printf_percent_end.o)
    0x0800016a   0x0800016a   0x00000002   Code   RO         4926    .ARM.Collect$$libinit$$00000000  c_w.l(libinit.o)
    0x0800016c   0x0800016c   0x00000000   Code   RO         4933    .ARM.Collect$$libinit$$00000002  c_w.l(libinit2.o)
    0x0800016c   0x0800016c   0x00000000   Code   RO         4935    .ARM.Collect$$libinit$$00000004  c_w.l(libinit2.o)
    0x0800016c   0x0800016c   0x00000000   Code   RO         4938    .ARM.Collect$$libinit$$0000000A  c_w.l(libinit2.o)
    0x0800016c   0x0800016c   0x00000000   Code   RO         4940    .ARM.Collect$$libinit$$0000000C  c_w.l(libinit2.o)
    0x0800016c   0x0800016c   0x00000000   Code   RO         4942    .ARM.Collect$$libinit$$0000000E  c_w.l(libinit2.o)
    0x0800016c   0x0800016c   0x00000000   Code   RO         4945    .ARM.Collect$$libinit$$00000011  c_w.l(libinit2.o)
    0x0800016c   0x0800016c   0x00000000   Code   RO         4947    .ARM.Collect$$libinit$$00000013  c_w.l(libinit2.o)
    0x0800016c   0x0800016c   0x00000000   Code   RO         4949    .ARM.Collect$$libinit$$00000015  c_w.l(libinit2.o)
    0x0800016c   0x0800016c   0x00000000   Code   RO         4951    .ARM.Collect$$libinit$$00000017  c_w.l(libinit2.o)
    0x0800016c   0x0800016c   0x00000000   Code   RO         4953    .ARM.Collect$$libinit$$00000019  c_w.l(libinit2.o)
    0x0800016c   0x0800016c   0x00000000   Code   RO         4955    .ARM.Collect$$libinit$$0000001B  c_w.l(libinit2.o)
    0x0800016c   0x0800016c   0x00000000   Code   RO         4957    .ARM.Collect$$libinit$$0000001D  c_w.l(libinit2.o)
    0x0800016c   0x0800016c   0x00000000   Code   RO         4959    .ARM.Collect$$libinit$$0000001F  c_w.l(libinit2.o)
    0x0800016c   0x0800016c   0x00000000   Code   RO         4961    .ARM.Collect$$libinit$$00000021  c_w.l(libinit2.o)
    0x0800016c   0x0800016c   0x00000000   Code   RO         4963    .ARM.Collect$$libinit$$00000023  c_w.l(libinit2.o)
    0x0800016c   0x0800016c   0x00000000   Code   RO         4965    .ARM.Collect$$libinit$$00000025  c_w.l(libinit2.o)
    0x0800016c   0x0800016c   0x00000000   Code   RO         4969    .ARM.Collect$$libinit$$0000002C  c_w.l(libinit2.o)
    0x0800016c   0x0800016c   0x00000000   Code   RO         4971    .ARM.Collect$$libinit$$0000002E  c_w.l(libinit2.o)
    0x0800016c   0x0800016c   0x00000000   Code   RO         4973    .ARM.Collect$$libinit$$00000030  c_w.l(libinit2.o)
    0x0800016c   0x0800016c   0x00000000   Code   RO         4975    .ARM.Collect$$libinit$$00000032  c_w.l(libinit2.o)
    0x0800016c   0x0800016c   0x00000002   Code   RO         4976    .ARM.Collect$$libinit$$00000033  c_w.l(libinit2.o)
    0x0800016e   0x0800016e   0x00000002   Code   RO         4996    .ARM.Collect$$libshutdown$$00000000  c_w.l(libshutdown.o)
    0x08000170   0x08000170   0x00000000   Code   RO         5009    .ARM.Collect$$libshutdown$$00000002  c_w.l(libshutdown2.o)
    0x08000170   0x08000170   0x00000000   Code   RO         5011    .ARM.Collect$$libshutdown$$00000004  c_w.l(libshutdown2.o)
    0x08000170   0x08000170   0x00000000   Code   RO         5013    .ARM.Collect$$libshutdown$$00000006  c_w.l(libshutdown2.o)
    0x08000170   0x08000170   0x00000000   Code   RO         5016    .ARM.Collect$$libshutdown$$00000009  c_w.l(libshutdown2.o)
    0x08000170   0x08000170   0x00000000   Code   RO         5019    .ARM.Collect$$libshutdown$$0000000C  c_w.l(libshutdown2.o)
    0x08000170   0x08000170   0x00000000   Code   RO         5021    .ARM.Collect$$libshutdown$$0000000E  c_w.l(libshutdown2.o)
    0x08000170   0x08000170   0x00000000   Code   RO         5024    .ARM.Collect$$libshutdown$$00000011  c_w.l(libshutdown2.o)
    0x08000170   0x08000170   0x00000002   Code   RO         5025    .ARM.Collect$$libshutdown$$00000012  c_w.l(libshutdown2.o)
    0x08000172   0x08000172   0x00000000   Code   RO         4884    .ARM.Collect$$rtentry$$00000000  c_w.l(__rtentry.o)
    0x08000172   0x08000172   0x00000000   Code   RO         4901    .ARM.Collect$$rtentry$$00000002  c_w.l(__rtentry2.o)
    0x08000172   0x08000172   0x00000006   Code   RO         4913    .ARM.Collect$$rtentry$$00000004  c_w.l(__rtentry4.o)
    0x08000178   0x08000178   0x00000000   Code   RO         4903    .ARM.Collect$$rtentry$$00000009  c_w.l(__rtentry2.o)
    0x08000178   0x08000178   0x00000004   Code   RO         4904    .ARM.Collect$$rtentry$$0000000A  c_w.l(__rtentry2.o)
    0x0800017c   0x0800017c   0x00000000   Code   RO         4906    .ARM.Collect$$rtentry$$0000000C  c_w.l(__rtentry2.o)
    0x0800017c   0x0800017c   0x00000008   Code   RO         4907    .ARM.Collect$$rtentry$$0000000D  c_w.l(__rtentry2.o)
    0x08000184   0x08000184   0x00000002   Code   RO         4930    .ARM.Collect$$rtexit$$00000000  c_w.l(rtexit.o)
    0x08000186   0x08000186   0x00000000   Code   RO         4978    .ARM.Collect$$rtexit$$00000002  c_w.l(rtexit2.o)
    0x08000186   0x08000186   0x00000004   Code   RO         4979    .ARM.Collect$$rtexit$$00000003  c_w.l(rtexit2.o)
    0x0800018a   0x0800018a   0x00000006   Code   RO         4980    .ARM.Collect$$rtexit$$00000004  c_w.l(rtexit2.o)
    0x08000190   0x08000190   0x00000096   Code   RO         4751    .emb_text           port.o
    0x08000226   0x08000226   0x00000002   PAD
    0x08000228   0x08000228   0x00000040   Code   RO            4    .text               startup_stm32f103xb.o
    0x08000268   0x08000268   0x00000038   Code   RO         4834    .text               c_w.l(__2snprintf.o)
    0x080002a0   0x080002a0   0x00000078   Code   RO         4844    .text               c_w.l(_printf_dec.o)
    0x08000318   0x08000318   0x000000b8   Code   RO         4849    .text               c_w.l(__printf_ss.o)
    0x080003d0   0x080003d0   0x0000003e   Code   RO         4870    .text               c_w.l(strlen.o)
    0x0800040e   0x0800040e   0x0000008a   Code   RO         4872    .text               c_w.l(rt_memcpy_v6.o)
    0x08000498   0x08000498   0x00000010   Code   RO         4876    .text               c_w.l(aeabi_memset.o)
    0x080004a8   0x080004a8   0x0000004e   Code   RO         4878    .text               c_w.l(rt_memclr_w.o)
    0x080004f6   0x080004f6   0x00000006   Code   RO         4880    .text               c_w.l(heapauxi.o)
    0x080004fc   0x080004fc   0x000000b2   Code   RO         4885    .text               c_w.l(_printf_intcommon.o)
    0x080005ae   0x080005ae   0x00000002   PAD
    0x080005b0   0x080005b0   0x00000030   Code   RO         4887    .text               c_w.l(_printf_char_common.o)
    0x080005e0   0x080005e0   0x0000000a   Code   RO         4889    .text               c_w.l(_sputc.o)
    0x080005ea   0x080005ea   0x00000010   Code   RO         4891    .text               c_w.l(_snputc.o)
    0x080005fa   0x080005fa   0x00000064   Code   RO         4896    .text               c_w.l(rt_memcpy_w.o)
    0x0800065e   0x0800065e   0x00000044   Code   RO         4898    .text               c_w.l(rt_memclr.o)
    0x080006a2   0x080006a2   0x0000004a   Code   RO         4917    .text               c_w.l(sys_stackheap_outer.o)
    0x080006ec   0x080006ec   0x00000012   Code   RO         4919    .text               c_w.l(exit.o)
    0x080006fe   0x080006fe   0x00000002   PAD
    0x08000700   0x08000700   0x00000008   Code   RO         4927    .text               c_w.l(libspace.o)
    0x08000708   0x08000708   0x0000000c   Code   RO         4988    .text               c_w.l(sys_exit.o)
    0x08000714   0x08000714   0x00000002   Code   RO         4999    .text               c_w.l(use_no_semi.o)
    0x08000716   0x08000716   0x00000000   Code   RO         5001    .text               c_w.l(indicate_semi.o)
    0x08000716   0x08000716   0x00000002   Code   RO          532    i.BusFault_Handler  stm32f1xx_it.o
    0x08000718   0x08000718   0x00000020   Code   RO          457    i.DEBUG_Print       usart.o
    0x08000738   0x08000738   0x0000000c   Code   RO          533    i.DMA1_Channel4_IRQHandler  stm32f1xx_it.o
    0x08000744   0x08000744   0x0000000c   Code   RO          534    i.DMA1_Channel5_IRQHandler  stm32f1xx_it.o
    0x08000750   0x08000750   0x00000002   Code   RO          535    i.DebugMon_Handler  stm32f1xx_it.o
    0x08000752   0x08000752   0x00000006   Code   RO          536    i.EXTI0_IRQHandler  stm32f1xx_it.o
    0x08000758   0x08000758   0x00000004   Code   RO           13    i.Error_Handler     main.o
    0x0800075c   0x0800075c   0x00000046   Code   RO         2079    i.HAL_DMA_Abort     stm32f1xx_hal_dma.o
    0x080007a2   0x080007a2   0x00000002   PAD
    0x080007a4   0x080007a4   0x00000098   Code   RO         2080    i.HAL_DMA_Abort_IT  stm32f1xx_hal_dma.o
    0x0800083c   0x0800083c   0x00000154   Code   RO         2084    i.HAL_DMA_IRQHandler  stm32f1xx_hal_dma.o
    0x08000990   0x08000990   0x0000005c   Code   RO         2085    i.HAL_DMA_Init      stm32f1xx_hal_dma.o
    0x080009ec   0x080009ec   0x00000058   Code   RO          212    i.HAL_GPIO_EXTI_Callback  freertos.o
    0x08000a44   0x08000a44   0x00000018   Code   RO         2014    i.HAL_GPIO_EXTI_IRQHandler  stm32f1xx_hal_gpio.o
    0x08000a5c   0x08000a5c   0x000001e0   Code   RO         2015    i.HAL_GPIO_Init     stm32f1xx_hal_gpio.o
    0x08000c3c   0x08000c3c   0x0000000a   Code   RO         2019    i.HAL_GPIO_WritePin  stm32f1xx_hal_gpio.o
    0x08000c46   0x08000c46   0x00000002   PAD
    0x08000c48   0x08000c48   0x0000000c   Code   RO         1709    i.HAL_GetTick       stm32f1xx_hal.o
    0x08000c54   0x08000c54   0x00000024   Code   RO         1716    i.HAL_Init          stm32f1xx_hal.o
    0x08000c78   0x08000c78   0x00000098   Code   RO          650    i.HAL_InitTick      stm32f1xx_hal_timebase_tim.o
    0x08000d10   0x08000d10   0x00000048   Code   RO          626    i.HAL_MspInit       stm32f1xx_hal_msp.o
    0x08000d58   0x08000d58   0x0000001a   Code   RO         2175    i.HAL_NVIC_EnableIRQ  stm32f1xx_hal_cortex.o
    0x08000d72   0x08000d72   0x00000002   PAD
    0x08000d74   0x08000d74   0x00000040   Code   RO         2181    i.HAL_NVIC_SetPriority  stm32f1xx_hal_cortex.o
    0x08000db4   0x08000db4   0x00000024   Code   RO         2182    i.HAL_NVIC_SetPriorityGrouping  stm32f1xx_hal_cortex.o
    0x08000dd8   0x08000dd8   0x0000012c   Code   RO         1873    i.HAL_RCC_ClockConfig  stm32f1xx_hal_rcc.o
    0x08000f04   0x08000f04   0x00000040   Code   RO         1877    i.HAL_RCC_GetClockConfig  stm32f1xx_hal_rcc.o
    0x08000f44   0x08000f44   0x00000020   Code   RO         1880    i.HAL_RCC_GetPCLK1Freq  stm32f1xx_hal_rcc.o
    0x08000f64   0x08000f64   0x00000020   Code   RO         1881    i.HAL_RCC_GetPCLK2Freq  stm32f1xx_hal_rcc.o
    0x08000f84   0x08000f84   0x0000004c   Code   RO         1882    i.HAL_RCC_GetSysClockFreq  stm32f1xx_hal_rcc.o
    0x08000fd0   0x08000fd0   0x00000320   Code   RO         1885    i.HAL_RCC_OscConfig  stm32f1xx_hal_rcc.o
    0x080012f0   0x080012f0   0x00000002   Code   RO         1431    i.HAL_TIMEx_BreakCallback  stm32f1xx_hal_tim_ex.o
    0x080012f2   0x080012f2   0x00000002   Code   RO         1432    i.HAL_TIMEx_CommutCallback  stm32f1xx_hal_tim_ex.o
    0x080012f4   0x080012f4   0x00000068   Code   RO         1450    i.HAL_TIMEx_MasterConfigSynchronization  stm32f1xx_hal_tim_ex.o
    0x0800135c   0x0800135c   0x0000005a   Code   RO          727    i.HAL_TIM_Base_Init  stm32f1xx_hal_tim.o
    0x080013b6   0x080013b6   0x00000002   PAD
    0x080013b8   0x080013b8   0x0000003c   Code   RO          410    i.HAL_TIM_Base_MspInit  tim.o
    0x080013f4   0x080013f4   0x00000058   Code   RO          732    i.HAL_TIM_Base_Start_IT  stm32f1xx_hal_tim.o
    0x0800144c   0x0800144c   0x000000dc   Code   RO          736    i.HAL_TIM_ConfigClockSource  stm32f1xx_hal_tim.o
    0x08001528   0x08001528   0x00000002   Code   RO          761    i.HAL_TIM_IC_CaptureCallback  stm32f1xx_hal_tim.o
    0x0800152a   0x0800152a   0x00000130   Code   RO          775    i.HAL_TIM_IRQHandler  stm32f1xx_hal_tim.o
    0x0800165a   0x0800165a   0x00000002   PAD
    0x0800165c   0x0800165c   0x0000004c   Code   RO          411    i.HAL_TIM_MspPostInit  tim.o
    0x080016a8   0x080016a8   0x00000002   Code   RO          778    i.HAL_TIM_OC_DelayElapsedCallback  stm32f1xx_hal_tim.o
    0x080016aa   0x080016aa   0x000000cc   Code   RO          799    i.HAL_TIM_PWM_ConfigChannel  stm32f1xx_hal_tim.o
    0x08001776   0x08001776   0x0000005a   Code   RO          802    i.HAL_TIM_PWM_Init  stm32f1xx_hal_tim.o
    0x080017d0   0x080017d0   0x00000002   Code   RO          804    i.HAL_TIM_PWM_MspInit  stm32f1xx_hal_tim.o
    0x080017d2   0x080017d2   0x00000002   Code   RO          805    i.HAL_TIM_PWM_PulseFinishedCallback  stm32f1xx_hal_tim.o
    0x080017d4   0x080017d4   0x00000040   Code   RO          213    i.HAL_TIM_PeriodElapsedCallback  freertos.o
    0x08001814   0x08001814   0x00000002   Code   RO          818    i.HAL_TIM_TriggerCallback  stm32f1xx_hal_tim.o
    0x08001816   0x08001816   0x00000002   Code   RO         2687    i.HAL_UARTEx_RxEventCallback  stm32f1xx_hal_uart.o
    0x08001818   0x08001818   0x00000002   Code   RO         2701    i.HAL_UART_ErrorCallback  stm32f1xx_hal_uart.o
    0x0800181a   0x0800181a   0x00000002   PAD
    0x0800181c   0x0800181c   0x0000026c   Code   RO         2704    i.HAL_UART_IRQHandler  stm32f1xx_hal_uart.o
    0x08001a88   0x08001a88   0x00000064   Code   RO         2705    i.HAL_UART_Init     stm32f1xx_hal_uart.o
    0x08001aec   0x08001aec   0x000000e4   Code   RO          460    i.HAL_UART_MspInit  usart.o
    0x08001bd0   0x08001bd0   0x00000040   Code   RO          214    i.HAL_UART_RxCpltCallback  freertos.o
    0x08001c10   0x08001c10   0x000000a0   Code   RO         2713    i.HAL_UART_Transmit  stm32f1xx_hal_uart.o
    0x08001cb0   0x08001cb0   0x00000002   Code   RO          461    i.HAL_UART_TxCpltCallback  usart.o
    0x08001cb2   0x08001cb2   0x00000002   Code   RO          537    i.HardFault_Handler  stm32f1xx_it.o
    0x08001cb4   0x08001cb4   0x0000004c   Code   RO          220    i.LED_Breath_Timer_Callback  freertos.o
    0x08001d00   0x08001d00   0x0000003c   Code   RO          385    i.MX_DMA_Init       dma.o
    0x08001d3c   0x08001d3c   0x000000ec   Code   RO          221    i.MX_FREERTOS_Init  freertos.o
    0x08001e28   0x08001e28   0x000000d0   Code   RO          188    i.MX_GPIO_Init      gpio.o
    0x08001ef8   0x08001ef8   0x000000a0   Code   RO          412    i.MX_TIM3_Init      tim.o
    0x08001f98   0x08001f98   0x00000038   Code   RO          462    i.MX_USART1_UART_Init  usart.o
    0x08001fd0   0x08001fd0   0x00000002   Code   RO          538    i.MemManage_Handler  stm32f1xx_it.o
    0x08001fd2   0x08001fd2   0x00000002   Code   RO          539    i.NMI_Handler       stm32f1xx_it.o
    0x08001fd4   0x08001fd4   0x00000040   Code   RO          226    i.Print_Timer_Callback  freertos.o
    0x08002014   0x08002014   0x00000008   Code   RO          227    i.StartDefaultTask  freertos.o
    0x0800201c   0x0800201c   0x0000001a   Code   RO         4183    i.SysTick_Handler   cmsis_os2.o
    0x08002036   0x08002036   0x0000005e   Code   RO           14    i.SystemClock_Config  main.o
    0x08002094   0x08002094   0x00000002   Code   RO         3039    i.SystemInit        system_stm32f1xx.o
    0x08002096   0x08002096   0x00000002   PAD
    0x08002098   0x08002098   0x0000000c   Code   RO          540    i.TIM2_IRQHandler   stm32f1xx_it.o
    0x080020a4   0x080020a4   0x0000000c   Code   RO          541    i.TIM3_IRQHandler   stm32f1xx_it.o
    0x080020b0   0x080020b0   0x00000078   Code   RO          820    i.TIM_Base_SetConfig  stm32f1xx_hal_tim.o
    0x08002128   0x08002128   0x00000014   Code   RO          831    i.TIM_ETR_SetConfig  stm32f1xx_hal_tim.o
    0x0800213c   0x0800213c   0x00000010   Code   RO          832    i.TIM_ITRx_SetConfig  stm32f1xx_hal_tim.o
    0x0800214c   0x0800214c   0x00000050   Code   RO          833    i.TIM_OC1_SetConfig  stm32f1xx_hal_tim.o
    0x0800219c   0x0800219c   0x00000058   Code   RO          834    i.TIM_OC2_SetConfig  stm32f1xx_hal_tim.o
    0x080021f4   0x080021f4   0x00000058   Code   RO          835    i.TIM_OC3_SetConfig  stm32f1xx_hal_tim.o
    0x0800224c   0x0800224c   0x00000044   Code   RO          836    i.TIM_OC4_SetConfig  stm32f1xx_hal_tim.o
    0x08002290   0x08002290   0x00000022   Code   RO          838    i.TIM_TI1_ConfigInputStage  stm32f1xx_hal_tim.o
    0x080022b2   0x080022b2   0x00000024   Code   RO          840    i.TIM_TI2_ConfigInputStage  stm32f1xx_hal_tim.o
    0x080022d6   0x080022d6   0x00000018   Code   RO         4184    i.TimerCallback     cmsis_os2.o
    0x080022ee   0x080022ee   0x00000010   Code   RO         2718    i.UART_DMAAbortOnError  stm32f1xx_hal_uart.o
    0x080022fe   0x080022fe   0x0000004e   Code   RO         2728    i.UART_EndRxTransfer  stm32f1xx_hal_uart.o
    0x0800234c   0x0800234c   0x00000018   Code   RO          463    i.UART_Init         usart.o
    0x08002364   0x08002364   0x000000c2   Code   RO         2730    i.UART_Receive_IT   stm32f1xx_hal_uart.o
    0x08002426   0x08002426   0x00000002   PAD
    0x08002428   0x08002428   0x000000b8   Code   RO         2731    i.UART_SetConfig    stm32f1xx_hal_uart.o
    0x080024e0   0x080024e0   0x00000072   Code   RO         2734    i.UART_WaitOnFlagUntilTimeout  stm32f1xx_hal_uart.o
    0x08002552   0x08002552   0x00000002   PAD
    0x08002554   0x08002554   0x0000000c   Code   RO          542    i.USART1_IRQHandler  stm32f1xx_it.o
    0x08002560   0x08002560   0x00000002   Code   RO          543    i.UsageFault_Handler  stm32f1xx_it.o
    0x08002562   0x08002562   0x00000020   Code   RO         2188    i.__NVIC_SetPriority  stm32f1xx_hal_cortex.o
    0x08002582   0x08002582   0x00000026   Code   RO           15    i.main              main.o
    0x080025a8   0x080025a8   0x0000001a   Code   RO         4185    i.osDelay           cmsis_os2.o
    0x080025c2   0x080025c2   0x0000002c   Code   RO         4190    i.osEventFlagsNew   cmsis_os2.o
    0x080025ee   0x080025ee   0x0000000e   Code   RO         4197    i.osKernelGetTickCount  cmsis_os2.o
    0x080025fc   0x080025fc   0x00000024   Code   RO         4199    i.osKernelInitialize  cmsis_os2.o
    0x08002620   0x08002620   0x00000038   Code   RO         4202    i.osKernelStart     cmsis_os2.o
    0x08002658   0x08002658   0x00000058   Code   RO         4219    i.osMessageQueueNew  cmsis_os2.o
    0x080026b0   0x080026b0   0x00000068   Code   RO         4225    i.osMutexNew        cmsis_os2.o
    0x08002718   0x08002718   0x00000098   Code   RO         4230    i.osSemaphoreNew    cmsis_os2.o
    0x080027b0   0x080027b0   0x0000008a   Code   RO         4244    i.osThreadNew       cmsis_os2.o
    0x0800283a   0x0800283a   0x00000002   PAD
    0x0800283c   0x0800283c   0x00000078   Code   RO         4253    i.osTimerNew        cmsis_os2.o
    0x080028b4   0x080028b4   0x00000032   Code   RO         4254    i.osTimerStart      cmsis_os2.o
    0x080028e6   0x080028e6   0x00000002   PAD
    0x080028e8   0x080028e8   0x0000005c   Code   RO         3644    i.prvAddCurrentTaskToDelayedList  tasks.o
    0x08002944   0x08002944   0x000000d0   Code   RO         3645    i.prvAddNewTaskToReadyList  tasks.o
    0x08002a14   0x08002a14   0x00000058   Code   RO         4009    i.prvCheckForValidListAndQueue  timers.o
    0x08002a6c   0x08002a6c   0x00000026   Code   RO         3241    i.prvCopyDataFromQueue  queue.o
    0x08002a92   0x08002a92   0x0000006c   Code   RO         3242    i.prvCopyDataToQueue  queue.o
    0x08002afe   0x08002afe   0x00000034   Code   RO         3646    i.prvDeleteTCB      tasks.o
    0x08002b32   0x08002b32   0x00000002   PAD
    0x08002b34   0x08002b34   0x0000004c   Code   RO         4696    i.prvHeapInit       heap_4.o
    0x08002b80   0x08002b80   0x00000060   Code   RO         3647    i.prvIdleTask       tasks.o
    0x08002be0   0x08002be0   0x00000016   Code   RO         3243    i.prvInitialiseMutex  queue.o
    0x08002bf6   0x08002bf6   0x00000002   PAD
    0x08002bf8   0x08002bf8   0x00000022   Code   RO         3244    i.prvInitialiseNewQueue  queue.o
    0x08002c1a   0x08002c1a   0x00000002   PAD
    0x08002c1c   0x08002c1c   0x000000b0   Code   RO         3648    i.prvInitialiseNewTask  tasks.o
    0x08002ccc   0x08002ccc   0x0000004e   Code   RO         4010    i.prvInitialiseNewTimer  timers.o
    0x08002d1a   0x08002d1a   0x00000002   PAD
    0x08002d1c   0x08002d1c   0x0000004c   Code   RO         4697    i.prvInsertBlockIntoFreeList  heap_4.o
    0x08002d68   0x08002d68   0x00000038   Code   RO         4011    i.prvInsertTimerInActiveList  timers.o
    0x08002da0   0x08002da0   0x0000001c   Code   RO         3245    i.prvIsQueueEmpty   queue.o
    0x08002dbc   0x08002dbc   0x000000fc   Code   RO         4012    i.prvProcessReceivedCommands  timers.o
    0x08002eb8   0x08002eb8   0x000000c0   Code   RO         4013    i.prvProcessTimerOrBlockTask  timers.o
    0x08002f78   0x08002f78   0x00000020   Code   RO         3650    i.prvResetNextTaskUnblockTime  tasks.o
    0x08002f98   0x08002f98   0x00000028   Code   RO         4014    i.prvSampleTimeNow  timers.o
    0x08002fc0   0x08002fc0   0x0000006c   Code   RO         4015    i.prvSwitchTimerLists  timers.o
    0x0800302c   0x0800302c   0x00000028   Code   RO         4752    i.prvTaskExitError  port.o
    0x08003054   0x08003054   0x00000024   Code   RO         4016    i.prvTimerTask      timers.o
    0x08003078   0x08003078   0x0000006a   Code   RO         3246    i.prvUnlockQueue    queue.o
    0x080030e2   0x080030e2   0x00000002   PAD
    0x080030e4   0x080030e4   0x000000dc   Code   RO         4698    i.pvPortMalloc      heap_4.o
    0x080031c0   0x080031c0   0x00000024   Code   RO         4017    i.pvTimerGetTimerID  timers.o
    0x080031e4   0x080031e4   0x00000024   Code   RO         4753    i.pxPortInitialiseStack  port.o
    0x08003208   0x08003208   0x00000026   Code   RO         3201    i.uxListRemove      list.o
    0x0800322e   0x0800322e   0x00000002   PAD
    0x08003230   0x08003230   0x00000014   Code   RO         4256    i.vApplicationGetIdleTaskMemory  cmsis_os2.o
    0x08003244   0x08003244   0x00000018   Code   RO         4257    i.vApplicationGetTimerTaskMemory  cmsis_os2.o
    0x0800325c   0x0800325c   0x00000004   Code   RO         3086    i.vEventGroupSetBitsCallback  event_groups.o
    0x08003260   0x08003260   0x00000016   Code   RO         3202    i.vListInitialise   list.o
    0x08003276   0x08003276   0x00000006   Code   RO         3203    i.vListInitialiseItem  list.o
    0x0800327c   0x0800327c   0x00000030   Code   RO         3204    i.vListInsert       list.o
    0x080032ac   0x080032ac   0x00000018   Code   RO         3205    i.vListInsertEnd    list.o
    0x080032c4   0x080032c4   0x00000040   Code   RO         4755    i.vPortEnterCritical  port.o
    0x08003304   0x08003304   0x00000028   Code   RO         4756    i.vPortExitCritical  port.o
    0x0800332c   0x0800332c   0x00000064   Code   RO         4699    i.vPortFree         heap_4.o
    0x08003390   0x08003390   0x00000024   Code   RO         4757    i.vPortSetupTimerInterrupt  port.o
    0x080033b4   0x080033b4   0x00000054   Code   RO         4758    i.vPortValidateInterruptPriority  port.o
    0x08003408   0x08003408   0x00000028   Code   RO         3252    i.vQueueAddToRegistry  queue.o
    0x08003430   0x08003430   0x0000002e   Code   RO         3253    i.vQueueDelete      queue.o
    0x0800345e   0x0800345e   0x00000002   PAD
    0x08003460   0x08003460   0x00000028   Code   RO         3255    i.vQueueUnregisterQueue  queue.o
    0x08003488   0x08003488   0x00000044   Code   RO         3256    i.vQueueWaitForMessageRestricted  queue.o
    0x080034cc   0x080034cc   0x0000004c   Code   RO         3663    i.vTaskDelay        tasks.o
    0x08003518   0x08003518   0x00000010   Code   RO         3668    i.vTaskInternalSetTimeOutState  tasks.o
    0x08003528   0x08003528   0x0000000c   Code   RO         3669    i.vTaskMissedYield  tasks.o
    0x08003534   0x08003534   0x00000030   Code   RO         3671    i.vTaskPlaceOnEventList  tasks.o
    0x08003564   0x08003564   0x00000038   Code   RO         3672    i.vTaskPlaceOnEventListRestricted  tasks.o
    0x0800359c   0x0800359c   0x00000070   Code   RO         3676    i.vTaskRemoveFromUnorderedEventList  tasks.o
    0x0800360c   0x0800360c   0x00000088   Code   RO         3680    i.vTaskStartScheduler  tasks.o
    0x08003694   0x08003694   0x00000010   Code   RO         3682    i.vTaskSuspendAll   tasks.o
    0x080036a4   0x080036a4   0x00000064   Code   RO         3683    i.vTaskSwitchContext  tasks.o
    0x08003708   0x08003708   0x0000001c   Code   RO         3090    i.xEventGroupCreate  event_groups.o
    0x08003724   0x08003724   0x0000002c   Code   RO         3091    i.xEventGroupCreateStatic  event_groups.o
    0x08003750   0x08003750   0x0000008c   Code   RO         3093    i.xEventGroupSetBits  event_groups.o
    0x080037dc   0x080037dc   0x00000010   Code   RO         3094    i.xEventGroupSetBitsFromISR  event_groups.o
    0x080037ec   0x080037ec   0x000000a8   Code   RO         4759    i.xPortStartScheduler  port.o
    0x08003894   0x08003894   0x0000002c   Code   RO         4760    i.xPortSysTickHandler  port.o
    0x080038c0   0x080038c0   0x0000003a   Code   RO         3257    i.xQueueCreateCountingSemaphore  queue.o
    0x080038fa   0x080038fa   0x00000040   Code   RO         3258    i.xQueueCreateCountingSemaphoreStatic  queue.o
    0x0800393a   0x0800393a   0x00000016   Code   RO         3259    i.xQueueCreateMutex  queue.o
    0x08003950   0x08003950   0x0000001a   Code   RO         3260    i.xQueueCreateMutexStatic  queue.o
    0x0800396a   0x0800396a   0x00000042   Code   RO         3261    i.xQueueGenericCreate  queue.o
    0x080039ac   0x080039ac   0x00000066   Code   RO         3262    i.xQueueGenericCreateStatic  queue.o
    0x08003a12   0x08003a12   0x00000002   PAD
    0x08003a14   0x08003a14   0x00000088   Code   RO         3263    i.xQueueGenericReset  queue.o
    0x08003a9c   0x08003a9c   0x00000160   Code   RO         3264    i.xQueueGenericSend  queue.o
    0x08003bfc   0x08003bfc   0x000000be   Code   RO         3265    i.xQueueGenericSendFromISR  queue.o
    0x08003cba   0x08003cba   0x00000002   PAD
    0x08003cbc   0x08003cbc   0x00000138   Code   RO         3274    i.xQueueReceive     queue.o
    0x08003df4   0x08003df4   0x00000074   Code   RO         3685    i.xTaskCheckForTimeOut  tasks.o
    0x08003e68   0x08003e68   0x0000005a   Code   RO         3686    i.xTaskCreate       tasks.o
    0x08003ec2   0x08003ec2   0x00000056   Code   RO         3687    i.xTaskCreateStatic  tasks.o
    0x08003f18   0x08003f18   0x0000001c   Code   RO         3691    i.xTaskGetSchedulerState  tasks.o
    0x08003f34   0x08003f34   0x0000000c   Code   RO         3692    i.xTaskGetTickCount  tasks.o
    0x08003f40   0x08003f40   0x00000010   Code   RO         3693    i.xTaskGetTickCountFromISR  tasks.o
    0x08003f50   0x08003f50   0x000000c8   Code   RO         3694    i.xTaskIncrementTick  tasks.o
    0x08004018   0x08004018   0x00000080   Code   RO         3697    i.xTaskPriorityDisinherit  tasks.o
    0x08004098   0x08004098   0x00000070   Code   RO         3699    i.xTaskRemoveFromEventList  tasks.o
    0x08004108   0x08004108   0x000000c4   Code   RO         3700    i.xTaskResumeAll    tasks.o
    0x080041cc   0x080041cc   0x00000034   Code   RO         4023    i.xTimerCreate      timers.o
    0x08004200   0x08004200   0x0000002e   Code   RO         4024    i.xTimerCreateStatic  timers.o
    0x0800422e   0x0800422e   0x00000002   PAD
    0x08004230   0x08004230   0x00000060   Code   RO         4025    i.xTimerCreateTimerTask  timers.o
    0x08004290   0x08004290   0x00000068   Code   RO         4026    i.xTimerGenericCommand  timers.o
    0x080042f8   0x080042f8   0x00000028   Code   RO         4032    i.xTimerPendFunctionCallFromISR  timers.o
    0x08004320   0x08004320   0x0000008c   Data   RO          236    .constdata          freertos.o
    0x080043ac   0x080043ac   0x00000010   Data   RO          466    .constdata          usart.o
    0x080043bc   0x080043bc   0x00000012   Data   RO         1886    .constdata          stm32f1xx_hal_rcc.o
    0x080043ce   0x080043ce   0x00000010   Data   RO         3040    .constdata          system_stm32f1xx.o
    0x080043de   0x080043de   0x00000008   Data   RO         3041    .constdata          system_stm32f1xx.o
    0x080043e6   0x080043e6   0x00000002   PAD
    0x080043e8   0x080043e8   0x00000055   Data   RO          246    .conststring        freertos.o
    0x0800443d   0x0800443d   0x00000003   PAD
    0x08004440   0x08004440   0x0000000a   Data   RO          467    .conststring        usart.o
    0x0800444a   0x0800444a   0x00000002   PAD
    0x0800444c   0x0800444c   0x00000020   Data   RO         5056    Region$$Table       anon$$obj.o


    Execution Region RW_IRAM1 (Exec base: 0x20000000, Load base: 0x0800446c, Size: 0x00003558, Max: 0x00005000, ABSOLUTE)

    Exec Addr    Load Addr    Size         Type   Attr      Idx    E Section Name        Object

    0x20000000   0x0800446c   0x00000030   Data   RW          251    .data               freertos.o
    0x20000030   0x0800449c   0x00000004   Data   RW          468    .data               usart.o
    0x20000034   0x080044a0   0x0000000c   Data   RW         1723    .data               stm32f1xx_hal.o
    0x20000040   0x080044ac   0x00000004   Data   RW         3042    .data               system_stm32f1xx.o
    0x20000044   0x080044b0   0x0000003c   Data   RW         3703    .data               tasks.o
    0x20000080   0x080044ec   0x00000014   Data   RW         4034    .data               timers.o
    0x20000094   0x08004500   0x00000004   Data   RW         4259    .data               cmsis_os2.o
    0x20000098   0x08004504   0x00000020   Data   RW         4705    .data               heap_4.o
    0x200000b8   0x08004524   0x0000000c   Data   RW         4761    .data               port.o
    0x200000c4        -       0x00000048   Zero   RW          413    .bss                tim.o
    0x2000010c        -       0x000000d0   Zero   RW          465    .bss                usart.o
    0x200001dc        -       0x00000048   Zero   RW          653    .bss                stm32f1xx_hal_timebase_tim.o
    0x20000224        -       0x00000040   Zero   RW         3278    .bss                queue.o
    0x20000264        -       0x000004c4   Zero   RW         3702    .bss                tasks.o
    0x20000728        -       0x00000118   Zero   RW         4033    .bss                timers.o
    0x20000840        -       0x000006b8   Zero   RW         4258    .bss                cmsis_os2.o
    0x20000ef8        -       0x00002000   Zero   RW         4704    .bss                heap_4.o
    0x20002ef8        -       0x00000060   Zero   RW         4928    .bss                c_w.l(libspace.o)
    0x20002f58        -       0x00000200   Zero   RW            2    HEAP                startup_stm32f103xb.o
    0x20003158        -       0x00000400   Zero   RW            1    STACK               startup_stm32f103xb.o


==============================================================================

Image component sizes


      Code (inc. data)   RO Data    RW Data    ZI Data      Debug   Object Name

       922         26          0          4       1720      65978   cmsis_os2.o
        60          4          0          0          0        738   dma.o
       232          4          0          0          0      25080   event_groups.o
       600        198        225         48          0       9389   freertos.o
       208         20          0          0          0        951   gpio.o
       472         24          0         32       8192       4679   heap_4.o
       138          0          0          0          0       3314   list.o
       136          0          0          0          0     438092   main.o
       662         70          0         12          0      10573   port.o
      1858         24          0          0         64      22749   queue.o
        64         26        236          0       1536        796   startup_stm32f103xb.o
        48         10          0         12          0       4092   stm32f1xx_hal.o
       158         14          0          0          0      28114   stm32f1xx_hal_cortex.o
       654         36          0          0          0       3319   stm32f1xx_hal_dma.o
       514         40          0          0          0       3423   stm32f1xx_hal_gpio.o
        72         10          0          0          0        842   stm32f1xx_hal_msp.o
      1304         94         18          0          0       5641   stm32f1xx_hal_rcc.o
      1556         44          0          0          0      14426   stm32f1xx_hal_tim.o
       108         12          0          0          0       2345   stm32f1xx_hal_tim_ex.o
       152         18          0          0         72       1439   stm32f1xx_hal_timebase_tim.o
      1470         10          0          0          0       8904   stm32f1xx_hal_uart.o
        78         30          0          0          0       5050   stm32f1xx_it.o
         0          0          0          0          0        396   stream_buffer.o
         2          0         24          4          0       1071   system_stm32f1xx.o
      2212        182          0         60       1220      27343   tasks.o
       296         34          0          0         72       2260   tim.o
      1224         86          0         20        280      36291   timers.o
       342         44         26          4        208       3437   usart.o

    ----------------------------------------------------------------------
     15586       1060        568        196      13364     730732   Object Totals
         0          0         32          0          0          0   (incl. Generated)
        44          0          7          0          0          0   (incl. Padding)

    ----------------------------------------------------------------------

      Code (inc. data)   RO Data    RW Data    ZI Data      Debug   Library Member Name

        56          6          0          0          0         88   __2snprintf.o
         8          0          0          0          0         68   __main.o
       184          0          0          0          0         84   __printf_ss.o
         0          0          0          0          0          0   __rtentry.o
        12          0          0          0          0          0   __rtentry2.o
         6          0          0          0          0          0   __rtentry4.o
        52          8          0          0          0          0   __scatter.o
        26          0          0          0          0          0   __scatter_copy.o
        28          0          0          0          0          0   __scatter_zi.o
        48          6          0          0          0         96   _printf_char_common.o
       120         16          0          0          0         92   _printf_dec.o
       178          0          0          0          0         88   _printf_intcommon.o
         0          0          0          0          0          0   _printf_percent.o
         4          0          0          0          0          0   _printf_percent_end.o
         6          0          0          0          0          0   _printf_u.o
        16          0          0          0          0         68   _snputc.o
        10          0          0          0          0         68   _sputc.o
        16          0          0          0          0         68   aeabi_memset.o
        18          0          0          0          0         80   exit.o
         6          0          0          0          0        152   heapauxi.o
         0          0          0          0          0          0   indicate_semi.o
         2          0          0          0          0          0   libinit.o
         2          0          0          0          0          0   libinit2.o
         2          0          0          0          0          0   libshutdown.o
         2          0          0          0          0          0   libshutdown2.o
         8          4          0          0         96         68   libspace.o
        68          0          0          0          0         68   rt_memclr.o
        78          0          0          0          0         80   rt_memclr_w.o
       138          0          0          0          0         68   rt_memcpy_v6.o
       100          0          0          0          0         80   rt_memcpy_w.o
         2          0          0          0          0          0   rtexit.o
        10          0          0          0          0          0   rtexit2.o
        62          0          0          0          0         76   strlen.o
        12          4          0          0          0         68   sys_exit.o
        74          0          0          0          0         80   sys_stackheap_outer.o
         2          0          0          0          0         68   use_no_semi.o

    ----------------------------------------------------------------------
      1362         44          0          0         96       1608   Library Totals
         6          0          0          0          0          0   (incl. Padding)

    ----------------------------------------------------------------------

      Code (inc. data)   RO Data    RW Data    ZI Data      Debug   Library Name

      1356         44          0          0         96       1608   c_w.l

    ----------------------------------------------------------------------
      1362         44          0          0         96       1608   Library Totals

    ----------------------------------------------------------------------

==============================================================================


      Code (inc. data)   RO Data    RW Data    ZI Data      Debug   

     16948       1104        568        196      13460     722196   Grand Totals
     16948       1104        568        196      13460     722196   ELF Image Totals
     16948       1104        568        196          0          0   ROM Totals

==============================================================================

    Total RO  Size (Code + RO Data)                17516 (  17.11kB)
    Total RW  Size (RW Data + ZI Data)             13656 (  13.34kB)
    Total ROM Size (Code + RO Data + RW Data)      17712 (  17.30kB)

==============================================================================

